srikanth@srikanth-Inspiron-5370:~/Downloads/riscv$ git clone https://github.com/riscv/opensbi.git
Cloning into 'opensbi'...
remote: Enumerating objects: 11205, done.
remote: Counting objects: 100% (4230/4230), done.
remote: Compressing objects: 100% (955/955), done.
remote: Total 11205 (delta 3350), reused 3455 (delta 3268), pack-reused 6975
Receiving objects: 100% (11205/11205), 2.17 MiB | 2.23 MiB/s, done.
Resolving deltas: 100% (7077/7077), done.
srikanth@srikanth-Inspiron-5370:~/Downloads/riscv$ cd opensbi
srikanth@srikanth-Inspiron-5370:~/Downloads/riscv/opensbi$ cd ..
srikanth@srikanth-Inspiron-5370:~/Downloads/riscv$ ls
asciinema-rec      buildroot-2023.05.tar.gz  hello.c  riscv64-env.sh  u-boot-2023.07.01
buildroot-2023.05  hello                     opensbi  run-qemu        u-boot-2023.07.01.tar.bz2
srikanth@srikanth-Inspiron-5370:~/Downloads/riscv$ cd u-boot-2023.07.01
srikanth@srikanth-Inspiron-5370:~/Downloads/riscv/u-boot-2023.07.01$ cd ..
srikanth@srikanth-Inspiron-5370:~/Downloads/riscv$ source riscv64-env.sh
srikanth@srikanth-Inspiron-5370:~/Downloads/riscv$ cd u-boot-2023.07.01/
srikanth@srikanth-Inspiron-5370:~/Downloads/riscv/u-boot-2023.07.01$ ls -la configs | grep riscv
-rw-rw-r--  1 srikanth srikanth  2367 Jul 11 19:21 openpiton_riscv64_defconfig
-rw-rw-r--  1 srikanth srikanth  2892 Jul 11 19:21 openpiton_riscv64_spl_defconfig
-rw-rw-r--  1 srikanth srikanth   653 Jul 11 19:21 qemu-riscv32_defconfig
-rw-rw-r--  1 srikanth srikanth   674 Jul 11 19:21 qemu-riscv32_smode_defconfig
-rw-rw-r--  1 srikanth srikanth   828 Jul 11 19:21 qemu-riscv32_spl_defconfig
-rw-rw-r--  1 srikanth srikanth   643 Jul 11 19:21 qemu-riscv64_defconfig
-rw-rw-r--  1 srikanth srikanth   765 Jul 11 19:21 qemu-riscv64_smode_defconfig
-rw-rw-r--  1 srikanth srikanth   783 Jul 11 19:21 qemu-riscv64_spl_defconfig
srikanth@srikanth-Inspiron-5370:~/Downloads/riscv/u-boot-2023.07.01$ make qemu-riscv64_smode_defconfig
#
# configuration written to .config
#
srikanth@srikanth-Inspiron-5370:~/Downloads/riscv/u-boot-2023.07.01$ time make -j8
scripts/kconfig/conf  --syncconfig Kconfig
  CFG     u-boot.cfg
  GEN     include/autoconf.mk.dep
  GEN     include/autoconf.mk
  UPD     include/generated/timestamp_autogenerated.h
  CC      cmd/version.o
  AR      cmd/built-in.o
  CC      lib/efi_selftest/efi_selftest_miniapp_exception.o
  CC      lib/efi_selftest/efi_selftest_miniapp_exit.o
  CC      lib/efi_selftest/efi_selftest_miniapp_return.o
  LD      lib/efi_selftest/efi_selftest_miniapp_exception_efi.so
  OBJCOPY lib/efi_selftest/efi_selftest_miniapp_exception.efi
  LD      lib/efi_selftest/efi_selftest_miniapp_return_efi.so
lib/efi_selftest/../../tools/file2include lib/efi_selftest/efi_selftest_miniapp_exception.efi > \
lib/efi_selftest/efi_miniapp_file_image_exception.h
  OBJCOPY lib/efi_selftest/efi_selftest_miniapp_return.efi
lib/efi_selftest/../../tools/file2include lib/efi_selftest/efi_selftest_miniapp_return.efi > \
lib/efi_selftest/efi_miniapp_file_image_return.h
  CC      lib/efi_selftest/efi_selftest_exception.o
  CC      lib/efi_selftest/efi_selftest_startimage_return.o
  LD      lib/efi_selftest/efi_selftest_miniapp_exit_efi.so
  OBJCOPY lib/efi_selftest/efi_selftest_miniapp_exit.efi
lib/efi_selftest/../../tools/file2include lib/efi_selftest/efi_selftest_miniapp_exit.efi > \
lib/efi_selftest/efi_miniapp_file_image_exit.h
  CC      lib/efi_selftest/efi_selftest_load_file.o
  CC      lib/efi_selftest/efi_selftest_loadimage.o
  CC      lib/efi_selftest/efi_selftest_startimage_exit.o
  AR      lib/efi_selftest/built-in.o
  AR      lib/built-in.o
  LD      u-boot
  OBJCOPY u-boot.srec
  OBJCOPY u-boot-nodtb.bin
  SYM     u-boot.sym
  COPY    u-boot.bin
  OFCHK   .config

real	0m2.671s
user	0m3.025s
sys	0m1.173s
srikanth@srikanth-Inspiron-5370:~/Downloads/riscv/u-boot-2023.07.01$ cd ..
srikanth@srikanth-Inspiron-5370:~/Downloads/riscv$ cd opensbi
srikanth@srikanth-Inspiron-5370:~/Downloads/riscv/opensbi$ git checkout v0.8
Note: switching to 'v0.8'.

You are in 'detached HEAD' state. You can look around, make experimental
changes and commit them, and you can discard any commits you make in this
state without impacting any branches by switching back to a branch.

If you want to create a new branch to retain commits you create, you may
do so (now or later) by using -c with the switch command. Example:

  git switch -c <new-branch-name>

Or undo this operation with:

  git switch -

Turn off this advice by setting config variable advice.detachedHead to false

HEAD is now at a98258d include: Bump-up version to 0.8
srikanth@srikanth-Inspiron-5370:~/Downloads/riscv/opensbi$ cd ..
srikanth@srikanth-Inspiron-5370:~/Downloads/riscv$ ls
asciinema-rec      buildroot-2023.05.tar.gz  hello.c  riscv64-env.sh  u-boot-2023.07.01
buildroot-2023.05  hello                     opensbi  run-qemu        u-boot-2023.07.01.tar.bz2
srikanth@srikanth-Inspiron-5370:~/Downloads/riscv$ cd u-boot-2023.07.01/
srikanth@srikanth-Inspiron-5370:~/Downloads/riscv/u-boot-2023.07.01$ ls
api    boot       configs  dts       include  Licenses     post     System.map  u-boot.bin  u-boot-nodtb.bin
arch   cmd        disk     env       Kbuild   MAINTAINERS  py       test        u-boot.cfg  u-boot.srec
bin    common     doc      examples  Kconfig  Makefile     README   tools       u-boot.lds  u-boot.sym
board  config.mk  drivers  fs        lib      net          scripts  u-boot      u-boot.map
srikanth@srikanth-Inspiron-5370:~/Downloads/riscv/u-boot-2023.07.01$ cd ..
srikanth@srikanth-Inspiron-5370:~/Downloads/riscv$ ls
asciinema-rec      buildroot-2023.05.tar.gz  hello.c  riscv64-env.sh  u-boot-2023.07.01
buildroot-2023.05  hello                     opensbi  run-qemu        u-boot-2023.07.01.tar.bz2
srikanth@srikanth-Inspiron-5370:~/Downloads/riscv$ cd opensbi
srikanth@srikanth-Inspiron-5370:~/Downloads/riscv/opensbi$ ls
CONTRIBUTORS.md  docs      include  Makefile  README.md  ThirdPartyNotices.md
COPYING.BSD      firmware  lib      platform  scripts
srikanth@srikanth-Inspiron-5370:~/Downloads/riscv/opensbi$ cd ..
srikanth@srikanth-Inspiron-5370:~/Downloads/riscv$ ls
asciinema-rec      buildroot-2023.05.tar.gz  hello.c  riscv64-env.sh  u-boot-2023.07.01
buildroot-2023.05  hello                     opensbi  run-qemu        u-boot-2023.07.01.tar.bz2
srikanth@srikanth-Inspiron-5370:~/Downloads/riscv$ cd opensbi/build/platform/generic/firmware
bash: cd: opensbi/build/platform/generic/firmware: No such file or directory
srikanth@srikanth-Inspiron-5370:~/Downloads/riscv$ cd opensbi
srikanth@srikanth-Inspiron-5370:~/Downloads/riscv/opensbi$ cd build/platform/generic
bash: cd: build/platform/generic: No such file or directory
srikanth@srikanth-Inspiron-5370:~/Downloads/riscv/opensbi$ cd build
bash: cd: build: No such file or directory
srikanth@srikanth-Inspiron-5370:~/Downloads/riscv/opensbi$ ls
CONTRIBUTORS.md  docs      include  Makefile  README.md  ThirdPartyNotices.md
COPYING.BSD      firmware  lib      platform  scripts
srikanth@srikanth-Inspiron-5370:~/Downloads/riscv/opensbi$ cd ..
srikanth@srikanth-Inspiron-5370:~/Downloads/riscv$ rm -rf opensbi
srikanth@srikanth-Inspiron-5370:~/Downloads/riscv$ git clone https://github.com/riscv/opensbi.git
Cloning into 'opensbi'...
remote: Enumerating objects: 11205, done.
remote: Counting objects: 100% (4230/4230), done.
remote: Compressing objects: 100% (955/955), done.
remote: Total 11205 (delta 3350), reused 3455 (delta 3268), pack-reused 6975
Receiving objects: 100% (11205/11205), 2.17 MiB | 2.55 MiB/s, done.
Resolving deltas: 100% (7077/7077), done.
srikanth@srikanth-Inspiron-5370:~/Downloads/riscv$ cd opensbi
srikanth@srikanth-Inspiron-5370:~/Downloads/riscv/opensbi$ git checkout v0.8
Note: switching to 'v0.8'.

You are in 'detached HEAD' state. You can look around, make experimental
changes and commit them, and you can discard any commits you make in this
state without impacting any branches by switching back to a branch.

If you want to create a new branch to retain commits you create, you may
do so (now or later) by using -c with the switch command. Example:

  git switch -c <new-branch-name>

Or undo this operation with:

  git switch -

Turn off this advice by setting config variable advice.detachedHead to false

HEAD is now at a98258d include: Bump-up version to 0.8
srikanth@srikanth-Inspiron-5370:~/Downloads/riscv/opensbi$ make PLATFORM=generic FW_PAYLOAD_PATH=../u-boot-2023.07.01/u-boot.bin
 AS-DEP    platform/generic/firmware/fw_payload.dep
 AS-DEP    platform/generic/firmware/fw_jump.dep
 AS-DEP    platform/generic/firmware/fw_dynamic.dep
 AS-DEP    platform/generic/firmware/payloads/test_head.dep
 CC-DEP    platform/generic/firmware/payloads/test_main.dep
 MERGE-DEP platform/generic/firmware/payloads/test.dep
 CC-DEP    lib/utils/fdt/fdt_fixup.dep
 CC-DEP    lib/utils/fdt/fdt_helper.dep
 CC-DEP    lib/utils/ipi/fdt_ipi_clint.dep
 CC-DEP    lib/utils/ipi/fdt_ipi.dep
 CC-DEP    lib/utils/irqchip/plic.dep
 CC-DEP    lib/utils/irqchip/fdt_irqchip_plic.dep
 CC-DEP    lib/utils/irqchip/fdt_irqchip.dep
 CC-DEP    lib/utils/libfdt/fdt_wip.dep
 CC-DEP    lib/utils/libfdt/fdt_sw.dep
 CC-DEP    lib/utils/libfdt/fdt_strerror.dep
 CC-DEP    lib/utils/libfdt/fdt_rw.dep
 CC-DEP    lib/utils/libfdt/fdt_ro.dep
 CC-DEP    lib/utils/libfdt/fdt_empty_tree.dep
 CC-DEP    lib/utils/libfdt/fdt_addresses.dep
 CC-DEP    lib/utils/libfdt/fdt.dep
 CC-DEP    lib/utils/reset/fdt_reset_sifive.dep
 CC-DEP    lib/utils/reset/fdt_reset_htif.dep
 CC-DEP    lib/utils/reset/fdt_reset.dep
 CC-DEP    lib/utils/serial/uart8250.dep
 CC-DEP    lib/utils/serial/sifive-uart.dep
 CC-DEP    lib/utils/serial/shakti-uart.dep
 CC-DEP    lib/utils/serial/fdt_serial_uart8250.dep
 CC-DEP    lib/utils/serial/fdt_serial_sifive.dep
 CC-DEP    lib/utils/serial/fdt_serial_shakti.dep
 CC-DEP    lib/utils/serial/fdt_serial_htif.dep
 CC-DEP    lib/utils/serial/fdt_serial.dep
 CC-DEP    lib/utils/sys/sifive_test.dep
 CC-DEP    lib/utils/sys/htif.dep
 CC-DEP    lib/utils/sys/clint.dep
 CC-DEP    lib/utils/timer/fdt_timer_clint.dep
 CC-DEP    lib/utils/timer/fdt_timer.dep
 AS-DEP    lib/sbi/sbi_expected_trap.dep
 CC-DEP    lib/sbi/sbi_unpriv.dep
 CC-DEP    lib/sbi/sbi_trap.dep
 CC-DEP    lib/sbi/sbi_tlb.dep
 CC-DEP    lib/sbi/sbi_timer.dep
 CC-DEP    lib/sbi/sbi_system.dep
 CC-DEP    lib/sbi/sbi_string.dep
 CC-DEP    lib/sbi/sbi_scratch.dep
 CC-DEP    lib/sbi/sbi_platform.dep
 CC-DEP    lib/sbi/sbi_misaligned_ldst.dep
 CC-DEP    lib/sbi/sbi_ipi.dep
 CC-DEP    lib/sbi/sbi_init.dep
 CC-DEP    lib/sbi/sbi_illegal_insn.dep
 CC-DEP    lib/sbi/sbi_hsm.dep
 AS-DEP    lib/sbi/sbi_hfence.dep
 CC-DEP    lib/sbi/sbi_math.dep
 CC-DEP    lib/sbi/sbi_hart.dep
 CC-DEP    lib/sbi/sbi_fifo.dep
 CC-DEP    lib/sbi/sbi_emulate_csr.dep
 CC-DEP    lib/sbi/sbi_ecall_vendor.dep
 CC-DEP    lib/sbi/sbi_ecall_replace.dep
 CC-DEP    lib/sbi/sbi_ecall_legacy.dep
 CC-DEP    lib/sbi/sbi_ecall_hsm.dep
 CC-DEP    lib/sbi/sbi_ecall_base.dep
 CC-DEP    lib/sbi/sbi_ecall.dep
 CC-DEP    lib/sbi/sbi_console.dep
 CC-DEP    lib/sbi/sbi_bitops.dep
 CC-DEP    lib/sbi/sbi_bitmap.dep
 CC-DEP    lib/sbi/riscv_locks.dep
 AS-DEP    lib/sbi/riscv_hardfp.dep
 CC-DEP    lib/sbi/riscv_atomic.dep
 CC-DEP    lib/sbi/riscv_asm.dep
 CC-DEP    platform/generic/sifive_fu540.dep
 CC-DEP    platform/generic/platform.dep
 CC        lib/sbi/riscv_asm.o
 CC        lib/sbi/riscv_atomic.o
 AS        lib/sbi/riscv_hardfp.o
 CC        lib/sbi/riscv_locks.o
 CC        lib/sbi/sbi_bitmap.o
 CC        lib/sbi/sbi_bitops.o
 CC        lib/sbi/sbi_console.o
 CC        lib/sbi/sbi_ecall.o
 CC        lib/sbi/sbi_ecall_base.o
 CC        lib/sbi/sbi_ecall_hsm.o
 CC        lib/sbi/sbi_ecall_legacy.o
 CC        lib/sbi/sbi_ecall_replace.o
 CC        lib/sbi/sbi_ecall_vendor.o
 CC        lib/sbi/sbi_emulate_csr.o
 CC        lib/sbi/sbi_fifo.o
 CC        lib/sbi/sbi_hart.o
 CC        lib/sbi/sbi_math.o
 AS        lib/sbi/sbi_hfence.o
 CC        lib/sbi/sbi_hsm.o
 CC        lib/sbi/sbi_illegal_insn.o
 CC        lib/sbi/sbi_init.o
 CC        lib/sbi/sbi_ipi.o
 CC        lib/sbi/sbi_misaligned_ldst.o
 CC        lib/sbi/sbi_platform.o
 CC        lib/sbi/sbi_scratch.o
 CC        lib/sbi/sbi_string.o
 CC        lib/sbi/sbi_system.o
 CC        lib/sbi/sbi_timer.o
 CC        lib/sbi/sbi_tlb.o
 CC        lib/sbi/sbi_trap.o
 CC        lib/sbi/sbi_unpriv.o
 AS        lib/sbi/sbi_expected_trap.o
 AR        lib/libsbi.a
 CC        lib/utils/timer/fdt_timer.o
 CC        lib/utils/timer/fdt_timer_clint.o
 CC        lib/utils/sys/clint.o
 CC        lib/utils/sys/htif.o
 CC        lib/utils/sys/sifive_test.o
 CC        lib/utils/serial/fdt_serial.o
 CC        lib/utils/serial/fdt_serial_htif.o
 CC        lib/utils/serial/fdt_serial_shakti.o
 CC        lib/utils/serial/fdt_serial_sifive.o
 CC        lib/utils/serial/fdt_serial_uart8250.o
 CC        lib/utils/serial/shakti-uart.o
 CC        lib/utils/serial/sifive-uart.o
 CC        lib/utils/serial/uart8250.o
 CC        lib/utils/reset/fdt_reset.o
 CC        lib/utils/reset/fdt_reset_htif.o
 CC        lib/utils/reset/fdt_reset_sifive.o
 CC        lib/utils/libfdt/fdt.o
 CC        lib/utils/libfdt/fdt_addresses.o
 CC        lib/utils/libfdt/fdt_empty_tree.o
 CC        lib/utils/libfdt/fdt_ro.o
 CC        lib/utils/libfdt/fdt_rw.o
 CC        lib/utils/libfdt/fdt_strerror.o
 CC        lib/utils/libfdt/fdt_sw.o
 CC        lib/utils/libfdt/fdt_wip.o
 CC        lib/utils/irqchip/fdt_irqchip.o
 CC        lib/utils/irqchip/fdt_irqchip_plic.o
 CC        lib/utils/irqchip/plic.o
 CC        lib/utils/ipi/fdt_ipi.o
 CC        lib/utils/ipi/fdt_ipi_clint.o
 CC        lib/utils/fdt/fdt_helper.o
 CC        lib/utils/fdt/fdt_fixup.o
 AR        lib/libsbiutils.a
 CC        platform/generic/platform.o
 CC        platform/generic/sifive_fu540.o
 AR        platform/generic/lib/libplatsbi.a
 AS        platform/generic/firmware/payloads/test_head.o
 CC        platform/generic/firmware/payloads/test_main.o
 MERGE     platform/generic/firmware/payloads/test.o
 CPP       platform/generic/firmware/payloads/test.elf.ld
 ELF       platform/generic/firmware/payloads/test.elf
 OBJCOPY   platform/generic/firmware/payloads/test.bin
 AS        platform/generic/firmware/fw_dynamic.o
 CPP       platform/generic/firmware/fw_dynamic.elf.ld
 ELF       platform/generic/firmware/fw_dynamic.elf
/home/srikanth/Downloads/toolchain/riscv64-buildroot-linux-musl_sdk-buildroot/bin/../lib/gcc/riscv64-buildroot-linux-musl/11.4.0/../../../../riscv64-buildroot-linux-musl/bin/ld: /home/srikanth/Downloads/riscv/opensbi/build/platform/generic/lib/libplatsbi.a(sbi_init.o): in function `sbi_init':
/home/srikanth/Downloads/riscv/opensbi/lib/sbi/sbi_init.c:290: undefined reference to `__stack_chk_guard'
/home/srikanth/Downloads/toolchain/riscv64-buildroot-linux-musl_sdk-buildroot/bin/../lib/gcc/riscv64-buildroot-linux-musl/11.4.0/../../../../riscv64-buildroot-linux-musl/bin/ld: /home/srikanth/Downloads/riscv/opensbi/build/platform/generic/lib/libplatsbi.a(sbi_ipi.o): in function `sbi_ipi_send_many':
/home/srikanth/Downloads/riscv/opensbi/lib/sbi/sbi_ipi.c:77: undefined reference to `__stack_chk_guard'
/home/srikanth/Downloads/toolchain/riscv64-buildroot-linux-musl_sdk-buildroot/bin/../lib/gcc/riscv64-buildroot-linux-musl/11.4.0/../../../../riscv64-buildroot-linux-musl/bin/ld: /home/srikanth/Downloads/riscv/opensbi/lib/sbi/sbi_ipi.c:90: undefined reference to `__stack_chk_fail'
/home/srikanth/Downloads/toolchain/riscv64-buildroot-linux-musl_sdk-buildroot/bin/../lib/gcc/riscv64-buildroot-linux-musl/11.4.0/../../../../riscv64-buildroot-linux-musl/bin/ld: /home/srikanth/Downloads/riscv/opensbi/build/platform/generic/lib/libplatsbi.a(sbi_tlb.o): in function `sbi_tlb_entry_process':
/home/srikanth/Downloads/riscv/opensbi/lib/sbi/sbi_tlb.c:212: undefined reference to `__stack_chk_guard'
/home/srikanth/Downloads/toolchain/riscv64-buildroot-linux-musl_sdk-buildroot/bin/../lib/gcc/riscv64-buildroot-linux-musl/11.4.0/../../../../riscv64-buildroot-linux-musl/bin/ld: /home/srikanth/Downloads/riscv/opensbi/build/platform/generic/lib/libplatsbi.a(sbi_tlb.o): in function `sbi_tlb_process':
/home/srikanth/Downloads/riscv/opensbi/lib/sbi/sbi_tlb.c:241: undefined reference to `__stack_chk_fail'
/home/srikanth/Downloads/toolchain/riscv64-buildroot-linux-musl_sdk-buildroot/bin/../lib/gcc/riscv64-buildroot-linux-musl/11.4.0/../../../../riscv64-buildroot-linux-musl/bin/ld: /home/srikanth/Downloads/riscv/opensbi/lib/sbi/sbi_tlb.c:246: undefined reference to `__stack_chk_guard'
/home/srikanth/Downloads/toolchain/riscv64-buildroot-linux-musl_sdk-buildroot/bin/../lib/gcc/riscv64-buildroot-linux-musl/11.4.0/../../../../riscv64-buildroot-linux-musl/bin/ld: /home/srikanth/Downloads/riscv/opensbi/build/platform/generic/lib/libplatsbi.a(sbi_tlb.o): in function `sbi_tlb_process_count':
/home/srikanth/Downloads/riscv/opensbi/lib/sbi/sbi_tlb.c:229: undefined reference to `__stack_chk_fail'
/home/srikanth/Downloads/toolchain/riscv64-buildroot-linux-musl_sdk-buildroot/bin/../lib/gcc/riscv64-buildroot-linux-musl/11.4.0/../../../../riscv64-buildroot-linux-musl/bin/ld: /home/srikanth/Downloads/riscv/opensbi/lib/sbi/sbi_tlb.c:229: undefined reference to `__stack_chk_guard'
/home/srikanth/Downloads/toolchain/riscv64-buildroot-linux-musl_sdk-buildroot/bin/../lib/gcc/riscv64-buildroot-linux-musl/11.4.0/../../../../riscv64-buildroot-linux-musl/bin/ld: /home/srikanth/Downloads/riscv/opensbi/build/platform/generic/lib/libplatsbi.a(sbi_tlb.o): in function `sbi_tlb_sync':
/home/srikanth/Downloads/riscv/opensbi/lib/sbi/sbi_tlb.c:253: undefined reference to `__stack_chk_fail'
/home/srikanth/Downloads/toolchain/riscv64-buildroot-linux-musl_sdk-buildroot/bin/../lib/gcc/riscv64-buildroot-linux-musl/11.4.0/../../../../riscv64-buildroot-linux-musl/bin/ld: /home/srikanth/Downloads/riscv/opensbi/build/platform/generic/lib/libplatsbi.a(sbi_trap.o): in function `sbi_trap_handler':
/home/srikanth/Downloads/riscv/opensbi/lib/sbi/sbi_trap.c:213: undefined reference to `__stack_chk_guard'
/home/srikanth/Downloads/toolchain/riscv64-buildroot-linux-musl_sdk-buildroot/bin/../lib/gcc/riscv64-buildroot-linux-musl/11.4.0/../../../../riscv64-buildroot-linux-musl/bin/ld: /home/srikanth/Downloads/riscv/opensbi/lib/sbi/sbi_trap.c:261: undefined reference to `__stack_chk_fail'
/home/srikanth/Downloads/toolchain/riscv64-buildroot-linux-musl_sdk-buildroot/bin/../lib/gcc/riscv64-buildroot-linux-musl/11.4.0/../../../../riscv64-buildroot-linux-musl/bin/ld: /home/srikanth/Downloads/riscv/opensbi/build/platform/generic/lib/libplatsbi.a(platform.o): in function `fw_platform_init':
/home/srikanth/Downloads/riscv/opensbi/platform/generic/platform.c:73: undefined reference to `__stack_chk_guard'
/home/srikanth/Downloads/toolchain/riscv64-buildroot-linux-musl_sdk-buildroot/bin/../lib/gcc/riscv64-buildroot-linux-musl/11.4.0/../../../../riscv64-buildroot-linux-musl/bin/ld: /home/srikanth/Downloads/riscv/opensbi/platform/generic/platform.c:118: undefined reference to `__stack_chk_fail'
/home/srikanth/Downloads/toolchain/riscv64-buildroot-linux-musl_sdk-buildroot/bin/../lib/gcc/riscv64-buildroot-linux-musl/11.4.0/../../../../riscv64-buildroot-linux-musl/bin/ld: /home/srikanth/Downloads/riscv/opensbi/build/platform/generic/lib/libplatsbi.a(riscv_asm.o): in function `misa_string':
/home/srikanth/Downloads/riscv/opensbi/lib/sbi/riscv_asm.c:53: undefined reference to `__stack_chk_guard'
/home/srikanth/Downloads/toolchain/riscv64-buildroot-linux-musl_sdk-buildroot/bin/../lib/gcc/riscv64-buildroot-linux-musl/11.4.0/../../../../riscv64-buildroot-linux-musl/bin/ld: /home/srikanth/Downloads/riscv/opensbi/lib/sbi/riscv_asm.c:89: undefined reference to `__stack_chk_fail'
/home/srikanth/Downloads/toolchain/riscv64-buildroot-linux-musl_sdk-buildroot/bin/../lib/gcc/riscv64-buildroot-linux-musl/11.4.0/../../../../riscv64-buildroot-linux-musl/bin/ld: /home/srikanth/Downloads/riscv/opensbi/build/platform/generic/lib/libplatsbi.a(sbi_console.o): in function `prints':
/home/srikanth/Downloads/riscv/opensbi/lib/sbi/sbi_console.c:93: undefined reference to `__stack_chk_guard'
/home/srikanth/Downloads/toolchain/riscv64-buildroot-linux-musl_sdk-buildroot/bin/../lib/gcc/riscv64-buildroot-linux-musl/11.4.0/../../../../riscv64-buildroot-linux-musl/bin/ld: /home/srikanth/Downloads/riscv/opensbi/build/platform/generic/lib/libplatsbi.a(sbi_console.o): in function `printi':
/home/srikanth/Downloads/riscv/opensbi/lib/sbi/sbi_console.c:168: undefined reference to `__stack_chk_fail'
/home/srikanth/Downloads/toolchain/riscv64-buildroot-linux-musl_sdk-buildroot/bin/../lib/gcc/riscv64-buildroot-linux-musl/11.4.0/../../../../riscv64-buildroot-linux-musl/bin/ld: /home/srikanth/Downloads/riscv/opensbi/build/platform/generic/lib/libplatsbi.a(sbi_console.o): in function `print':
/home/srikanth/Downloads/riscv/opensbi/lib/sbi/sbi_console.c:178: undefined reference to `__stack_chk_guard'
/home/srikanth/Downloads/toolchain/riscv64-buildroot-linux-musl_sdk-buildroot/bin/../lib/gcc/riscv64-buildroot-linux-musl/11.4.0/../../../../riscv64-buildroot-linux-musl/bin/ld: /home/srikanth/Downloads/riscv/opensbi/lib/sbi/sbi_console.c:331: undefined reference to `__stack_chk_guard'
/home/srikanth/Downloads/toolchain/riscv64-buildroot-linux-musl_sdk-buildroot/bin/../lib/gcc/riscv64-buildroot-linux-musl/11.4.0/../../../../riscv64-buildroot-linux-musl/bin/ld: /home/srikanth/Downloads/riscv/opensbi/lib/sbi/sbi_console.c:289: undefined reference to `__stack_chk_fail'
/home/srikanth/Downloads/toolchain/riscv64-buildroot-linux-musl_sdk-buildroot/bin/../lib/gcc/riscv64-buildroot-linux-musl/11.4.0/../../../../riscv64-buildroot-linux-musl/bin/ld: /home/srikanth/Downloads/riscv/opensbi/build/platform/generic/lib/libplatsbi.a(sbi_console.o): in function `sbi_platform_console_getc':
/home/srikanth/Downloads/riscv/opensbi/include/sbi/sbi_platform.h:522: undefined reference to `__stack_chk_guard'
/home/srikanth/Downloads/toolchain/riscv64-buildroot-linux-musl_sdk-buildroot/bin/../lib/gcc/riscv64-buildroot-linux-musl/11.4.0/../../../../riscv64-buildroot-linux-musl/bin/ld: /home/srikanth/Downloads/riscv/opensbi/build/platform/generic/lib/libplatsbi.a(sbi_console.o): in function `sbi_sprintf':
/home/srikanth/Downloads/riscv/opensbi/lib/sbi/sbi_console.c:342: undefined reference to `__stack_chk_fail'
/home/srikanth/Downloads/toolchain/riscv64-buildroot-linux-musl_sdk-buildroot/bin/../lib/gcc/riscv64-buildroot-linux-musl/11.4.0/../../../../riscv64-buildroot-linux-musl/bin/ld: /home/srikanth/Downloads/riscv/opensbi/lib/sbi/sbi_console.c:342: undefined reference to `__stack_chk_guard'
/home/srikanth/Downloads/toolchain/riscv64-buildroot-linux-musl_sdk-buildroot/bin/../lib/gcc/riscv64-buildroot-linux-musl/11.4.0/../../../../riscv64-buildroot-linux-musl/bin/ld: /home/srikanth/Downloads/riscv/opensbi/build/platform/generic/lib/libplatsbi.a(sbi_console.o): in function `sbi_snprintf':
/home/srikanth/Downloads/riscv/opensbi/lib/sbi/sbi_console.c:354: undefined reference to `__stack_chk_fail'
/home/srikanth/Downloads/toolchain/riscv64-buildroot-linux-musl_sdk-buildroot/bin/../lib/gcc/riscv64-buildroot-linux-musl/11.4.0/../../../../riscv64-buildroot-linux-musl/bin/ld: /home/srikanth/Downloads/riscv/opensbi/lib/sbi/sbi_console.c:354: undefined reference to `__stack_chk_guard'
/home/srikanth/Downloads/toolchain/riscv64-buildroot-linux-musl_sdk-buildroot/bin/../lib/gcc/riscv64-buildroot-linux-musl/11.4.0/../../../../riscv64-buildroot-linux-musl/bin/ld: /home/srikanth/Downloads/riscv/opensbi/build/platform/generic/lib/libplatsbi.a(sbi_console.o): in function `sbi_printf':
/home/srikanth/Downloads/riscv/opensbi/lib/sbi/sbi_console.c:366: undefined reference to `__stack_chk_fail'
/home/srikanth/Downloads/toolchain/riscv64-buildroot-linux-musl_sdk-buildroot/bin/../lib/gcc/riscv64-buildroot-linux-musl/11.4.0/../../../../riscv64-buildroot-linux-musl/bin/ld: /home/srikanth/Downloads/riscv/opensbi/lib/sbi/sbi_console.c:370: undefined reference to `__stack_chk_guard'
/home/srikanth/Downloads/toolchain/riscv64-buildroot-linux-musl_sdk-buildroot/bin/../lib/gcc/riscv64-buildroot-linux-musl/11.4.0/../../../../riscv64-buildroot-linux-musl/bin/ld: /home/srikanth/Downloads/riscv/opensbi/build/platform/generic/lib/libplatsbi.a(sbi_console.o): in function `sbi_dprintf':
/home/srikanth/Downloads/riscv/opensbi/lib/sbi/sbi_console.c:380: undefined reference to `__stack_chk_fail'
/home/srikanth/Downloads/toolchain/riscv64-buildroot-linux-musl_sdk-buildroot/bin/../lib/gcc/riscv64-buildroot-linux-musl/11.4.0/../../../../riscv64-buildroot-linux-musl/bin/ld: /home/srikanth/Downloads/riscv/opensbi/build/platform/generic/lib/libplatsbi.a(sbi_ecall.o): in function `sbi_ecall_handler':
/home/srikanth/Downloads/riscv/opensbi/lib/sbi/sbi_ecall.c:96: undefined reference to `__stack_chk_guard'
/home/srikanth/Downloads/toolchain/riscv64-buildroot-linux-musl_sdk-buildroot/bin/../lib/gcc/riscv64-buildroot-linux-musl/11.4.0/../../../../riscv64-buildroot-linux-musl/bin/ld: /home/srikanth/Downloads/riscv/opensbi/lib/sbi/sbi_ecall.c:126: undefined reference to `__stack_chk_fail'
/home/srikanth/Downloads/toolchain/riscv64-buildroot-linux-musl_sdk-buildroot/bin/../lib/gcc/riscv64-buildroot-linux-musl/11.4.0/../../../../riscv64-buildroot-linux-musl/bin/ld: /home/srikanth/Downloads/riscv/opensbi/build/platform/generic/lib/libplatsbi.a(sbi_ecall_legacy.o): in function `sbi_ecall_legacy_handler':
/home/srikanth/Downloads/riscv/opensbi/lib/sbi/sbi_ecall_legacy.c:46: undefined reference to `__stack_chk_guard'
/home/srikanth/Downloads/toolchain/riscv64-buildroot-linux-musl_sdk-buildroot/bin/../lib/gcc/riscv64-buildroot-linux-musl/11.4.0/../../../../riscv64-buildroot-linux-musl/bin/ld: /home/srikanth/Downloads/riscv/opensbi/build/platform/generic/lib/libplatsbi.a(sbi_ecall_legacy.o): in function `sbi_load_hart_mask_unpriv':
/home/srikanth/Downloads/riscv/opensbi/lib/sbi/sbi_ecall_legacy.c:36: undefined reference to `__stack_chk_fail'
/home/srikanth/Downloads/toolchain/riscv64-buildroot-linux-musl_sdk-buildroot/bin/../lib/gcc/riscv64-buildroot-linux-musl/11.4.0/../../../../riscv64-buildroot-linux-musl/bin/ld: /home/srikanth/Downloads/riscv/opensbi/build/platform/generic/lib/libplatsbi.a(sbi_ecall_replace.o): in function `sbi_ecall_rfence_handler':
/home/srikanth/Downloads/riscv/opensbi/lib/sbi/sbi_ecall_replace.c:47: undefined reference to `__stack_chk_guard'
/home/srikanth/Downloads/toolchain/riscv64-buildroot-linux-musl_sdk-buildroot/bin/../lib/gcc/riscv64-buildroot-linux-musl/11.4.0/../../../../riscv64-buildroot-linux-musl/bin/ld: /home/srikanth/Downloads/riscv/opensbi/lib/sbi/sbi_ecall_replace.c:70: undefined reference to `__stack_chk_fail'
/home/srikanth/Downloads/toolchain/riscv64-buildroot-linux-musl_sdk-buildroot/bin/../lib/gcc/riscv64-buildroot-linux-musl/11.4.0/../../../../riscv64-buildroot-linux-musl/bin/ld: /home/srikanth/Downloads/riscv/opensbi/build/platform/generic/lib/libplatsbi.a(sbi_hart.o): in function `sbi_hart_pmp_dump':
/home/srikanth/Downloads/riscv/opensbi/lib/sbi/sbi_hart.c:157: undefined reference to `__stack_chk_guard'
/home/srikanth/Downloads/toolchain/riscv64-buildroot-linux-musl_sdk-buildroot/bin/../lib/gcc/riscv64-buildroot-linux-musl/11.4.0/../../../../riscv64-buildroot-linux-musl/bin/ld: /home/srikanth/Downloads/riscv/opensbi/lib/sbi/sbi_hart.c:182: undefined reference to `__stack_chk_fail'
/home/srikanth/Downloads/toolchain/riscv64-buildroot-linux-musl_sdk-buildroot/bin/../lib/gcc/riscv64-buildroot-linux-musl/11.4.0/../../../../riscv64-buildroot-linux-musl/bin/ld: /home/srikanth/Downloads/riscv/opensbi/lib/sbi/sbi_hart.c:185: undefined reference to `__stack_chk_guard'
/home/srikanth/Downloads/toolchain/riscv64-buildroot-linux-musl_sdk-buildroot/bin/../lib/gcc/riscv64-buildroot-linux-musl/11.4.0/../../../../riscv64-buildroot-linux-musl/bin/ld: /home/srikanth/Downloads/riscv/opensbi/build/platform/generic/lib/libplatsbi.a(sbi_hart.o): in function `sbi_hart_pmp_check_addr':
/home/srikanth/Downloads/riscv/opensbi/lib/sbi/sbi_hart.c:202: undefined reference to `__stack_chk_fail'
/home/srikanth/Downloads/toolchain/riscv64-buildroot-linux-musl_sdk-buildroot/bin/../lib/gcc/riscv64-buildroot-linux-musl/11.4.0/../../../../riscv64-buildroot-linux-musl/bin/ld: /home/srikanth/Downloads/riscv/opensbi/build/platform/generic/lib/libplatsbi.a(sbi_hart.o): in function `sbi_hart_get_features_str':
/home/srikanth/Downloads/riscv/opensbi/lib/sbi/sbi_hart.c:339: undefined reference to `__stack_chk_guard'
/home/srikanth/Downloads/toolchain/riscv64-buildroot-linux-musl_sdk-buildroot/bin/../lib/gcc/riscv64-buildroot-linux-musl/11.4.0/../../../../riscv64-buildroot-linux-musl/bin/ld: /home/srikanth/Downloads/riscv/opensbi/build/platform/generic/lib/libplatsbi.a(sbi_hart.o): in function `sbi_hart_init':
/home/srikanth/Downloads/riscv/opensbi/lib/sbi/sbi_hart.c:418: undefined reference to `__stack_chk_fail'
/home/srikanth/Downloads/toolchain/riscv64-buildroot-linux-musl_sdk-buildroot/bin/../lib/gcc/riscv64-buildroot-linux-musl/11.4.0/../../../../riscv64-buildroot-linux-musl/bin/ld: /home/srikanth/Downloads/riscv/opensbi/build/platform/generic/lib/libplatsbi.a(sbi_illegal_insn.o): in function `truly_illegal_insn':
/home/srikanth/Downloads/riscv/opensbi/lib/sbi/sbi_illegal_insn.c:22: undefined reference to `__stack_chk_guard'
/home/srikanth/Downloads/toolchain/riscv64-buildroot-linux-musl_sdk-buildroot/bin/../lib/gcc/riscv64-buildroot-linux-musl/11.4.0/../../../../riscv64-buildroot-linux-musl/bin/ld: /home/srikanth/Downloads/riscv/opensbi/lib/sbi/sbi_illegal_insn.c:32: undefined reference to `__stack_chk_fail'
/home/srikanth/Downloads/toolchain/riscv64-buildroot-linux-musl_sdk-buildroot/bin/../lib/gcc/riscv64-buildroot-linux-musl/11.4.0/../../../../riscv64-buildroot-linux-musl/bin/ld: /home/srikanth/Downloads/riscv/opensbi/build/platform/generic/lib/libplatsbi.a(sbi_illegal_insn.o): in function `system_opcode_insn':
/home/srikanth/Downloads/riscv/opensbi/lib/sbi/sbi_illegal_insn.c:38: undefined reference to `__stack_chk_guard'
/home/srikanth/Downloads/toolchain/riscv64-buildroot-linux-musl_sdk-buildroot/bin/../lib/gcc/riscv64-buildroot-linux-musl/11.4.0/../../../../riscv64-buildroot-linux-musl/bin/ld: /home/srikanth/Downloads/riscv/opensbi/lib/sbi/sbi_illegal_insn.c:56: undefined reference to `__stack_chk_fail'
/home/srikanth/Downloads/toolchain/riscv64-buildroot-linux-musl_sdk-buildroot/bin/../lib/gcc/riscv64-buildroot-linux-musl/11.4.0/../../../../riscv64-buildroot-linux-musl/bin/ld: /home/srikanth/Downloads/riscv/opensbi/lib/sbi/sbi_illegal_insn.c:80: undefined reference to `__stack_chk_guard'
/home/srikanth/Downloads/toolchain/riscv64-buildroot-linux-musl_sdk-buildroot/bin/../lib/gcc/riscv64-buildroot-linux-musl/11.4.0/../../../../riscv64-buildroot-linux-musl/bin/ld: /home/srikanth/Downloads/riscv/opensbi/build/platform/generic/lib/libplatsbi.a(sbi_illegal_insn.o): in function `sbi_illegal_insn_handler':
/home/srikanth/Downloads/riscv/opensbi/lib/sbi/sbi_illegal_insn.c:125: undefined reference to `__stack_chk_fail'
/home/srikanth/Downloads/toolchain/riscv64-buildroot-linux-musl_sdk-buildroot/bin/../lib/gcc/riscv64-buildroot-linux-musl/11.4.0/../../../../riscv64-buildroot-linux-musl/bin/ld: /home/srikanth/Downloads/riscv/opensbi/build/platform/generic/lib/libplatsbi.a(sbi_misaligned_ldst.o): in function `sbi_misaligned_load_handler':
/home/srikanth/Downloads/riscv/opensbi/lib/sbi/sbi_misaligned_ldst.c:26: undefined reference to `__stack_chk_guard'
/home/srikanth/Downloads/toolchain/riscv64-buildroot-linux-musl_sdk-buildroot/bin/../lib/gcc/riscv64-buildroot-linux-musl/11.4.0/../../../../riscv64-buildroot-linux-musl/bin/ld: /home/srikanth/Downloads/riscv/opensbi/lib/sbi/sbi_misaligned_ldst.c:95: undefined reference to `__stack_chk_fail'
/home/srikanth/Downloads/toolchain/riscv64-buildroot-linux-musl_sdk-buildroot/bin/../lib/gcc/riscv64-buildroot-linux-musl/11.4.0/../../../../riscv64-buildroot-linux-musl/bin/ld: /home/srikanth/Downloads/riscv/opensbi/build/platform/generic/lib/libplatsbi.a(sbi_misaligned_ldst.o): in function `sbi_misaligned_store_handler':
/home/srikanth/Downloads/riscv/opensbi/lib/sbi/sbi_misaligned_ldst.c:144: undefined reference to `__stack_chk_guard'
/home/srikanth/Downloads/toolchain/riscv64-buildroot-linux-musl_sdk-buildroot/bin/../lib/gcc/riscv64-buildroot-linux-musl/11.4.0/../../../../riscv64-buildroot-linux-musl/bin/ld: /home/srikanth/Downloads/riscv/opensbi/lib/sbi/sbi_misaligned_ldst.c:201: undefined reference to `__stack_chk_fail'
/home/srikanth/Downloads/toolchain/riscv64-buildroot-linux-musl_sdk-buildroot/bin/../lib/gcc/riscv64-buildroot-linux-musl/11.4.0/../../../../riscv64-buildroot-linux-musl/bin/ld: /home/srikanth/Downloads/riscv/opensbi/build/platform/generic/lib/libplatsbi.a(sbi_system.o): in function `sbi_system_reset':
/home/srikanth/Downloads/riscv/opensbi/lib/sbi/sbi_system.c:21: undefined reference to `__stack_chk_guard'
/home/srikanth/Downloads/toolchain/riscv64-buildroot-linux-musl_sdk-buildroot/bin/../lib/gcc/riscv64-buildroot-linux-musl/11.4.0/../../../../riscv64-buildroot-linux-musl/bin/ld: /home/srikanth/Downloads/riscv/opensbi/build/platform/generic/lib/libplatsbi.a(fdt_timer.o): in function `fdt_timer_init':
/home/srikanth/Downloads/riscv/opensbi/lib/utils/timer/fdt_timer.c:102: undefined reference to `__stack_chk_guard'
/home/srikanth/Downloads/toolchain/riscv64-buildroot-linux-musl_sdk-buildroot/bin/../lib/gcc/riscv64-buildroot-linux-musl/11.4.0/../../../../riscv64-buildroot-linux-musl/bin/ld: /home/srikanth/Downloads/riscv/opensbi/build/platform/generic/lib/libplatsbi.a(fdt_timer.o): in function `fdt_timer_cold_init':
/home/srikanth/Downloads/riscv/opensbi/lib/utils/timer/fdt_timer.c:91: undefined reference to `__stack_chk_fail'
/home/srikanth/Downloads/toolchain/riscv64-buildroot-linux-musl_sdk-buildroot/bin/../lib/gcc/riscv64-buildroot-linux-musl/11.4.0/../../../../riscv64-buildroot-linux-musl/bin/ld: /home/srikanth/Downloads/riscv/opensbi/build/platform/generic/lib/libplatsbi.a(fdt_serial.o): in function `fdt_serial_init':
/home/srikanth/Downloads/riscv/opensbi/lib/utils/serial/fdt_serial.c:56: undefined reference to `__stack_chk_guard'
/home/srikanth/Downloads/toolchain/riscv64-buildroot-linux-musl_sdk-buildroot/bin/../lib/gcc/riscv64-buildroot-linux-musl/11.4.0/../../../../riscv64-buildroot-linux-musl/bin/ld: /home/srikanth/Downloads/riscv/opensbi/lib/utils/serial/fdt_serial.c:72: undefined reference to `__stack_chk_fail'
/home/srikanth/Downloads/toolchain/riscv64-buildroot-linux-musl_sdk-buildroot/bin/../lib/gcc/riscv64-buildroot-linux-musl/11.4.0/../../../../riscv64-buildroot-linux-musl/bin/ld: /home/srikanth/Downloads/riscv/opensbi/build/platform/generic/lib/libplatsbi.a(fdt_serial_shakti.o): in function `serial_shakti_init':
/home/srikanth/Downloads/riscv/opensbi/lib/utils/serial/fdt_serial_shakti.c:14: undefined reference to `__stack_chk_guard'
/home/srikanth/Downloads/toolchain/riscv64-buildroot-linux-musl_sdk-buildroot/bin/../lib/gcc/riscv64-buildroot-linux-musl/11.4.0/../../../../riscv64-buildroot-linux-musl/bin/ld: /home/srikanth/Downloads/riscv/opensbi/lib/utils/serial/fdt_serial_shakti.c:23: undefined reference to `__stack_chk_fail'
/home/srikanth/Downloads/toolchain/riscv64-buildroot-linux-musl_sdk-buildroot/bin/../lib/gcc/riscv64-buildroot-linux-musl/11.4.0/../../../../riscv64-buildroot-linux-musl/bin/ld: /home/srikanth/Downloads/riscv/opensbi/build/platform/generic/lib/libplatsbi.a(fdt_serial_sifive.o): in function `serial_sifive_init':
/home/srikanth/Downloads/riscv/opensbi/lib/utils/serial/fdt_serial_sifive.c:16: undefined reference to `__stack_chk_guard'
/home/srikanth/Downloads/toolchain/riscv64-buildroot-linux-musl_sdk-buildroot/bin/../lib/gcc/riscv64-buildroot-linux-musl/11.4.0/../../../../riscv64-buildroot-linux-musl/bin/ld: /home/srikanth/Downloads/riscv/opensbi/lib/utils/serial/fdt_serial_sifive.c:25: undefined reference to `__stack_chk_fail'
/home/srikanth/Downloads/toolchain/riscv64-buildroot-linux-musl_sdk-buildroot/bin/../lib/gcc/riscv64-buildroot-linux-musl/11.4.0/../../../../riscv64-buildroot-linux-musl/bin/ld: /home/srikanth/Downloads/riscv/opensbi/build/platform/generic/lib/libplatsbi.a(fdt_serial_uart8250.o): in function `serial_uart8250_init':
/home/srikanth/Downloads/riscv/opensbi/lib/utils/serial/fdt_serial_uart8250.c:16: undefined reference to `__stack_chk_guard'
/home/srikanth/Downloads/toolchain/riscv64-buildroot-linux-musl_sdk-buildroot/bin/../lib/gcc/riscv64-buildroot-linux-musl/11.4.0/../../../../riscv64-buildroot-linux-musl/bin/ld: /home/srikanth/Downloads/riscv/opensbi/lib/utils/serial/fdt_serial_uart8250.c:26: undefined reference to `__stack_chk_fail'
/home/srikanth/Downloads/toolchain/riscv64-buildroot-linux-musl_sdk-buildroot/bin/../lib/gcc/riscv64-buildroot-linux-musl/11.4.0/../../../../riscv64-buildroot-linux-musl/bin/ld: /home/srikanth/Downloads/riscv/opensbi/build/platform/generic/lib/libplatsbi.a(fdt_reset.o): in function `fdt_reset_init':
/home/srikanth/Downloads/riscv/opensbi/lib/utils/reset/fdt_reset.c:32: undefined reference to `__stack_chk_guard'
/home/srikanth/Downloads/toolchain/riscv64-buildroot-linux-musl_sdk-buildroot/bin/../lib/gcc/riscv64-buildroot-linux-musl/11.4.0/../../../../riscv64-buildroot-linux-musl/bin/ld: /home/srikanth/Downloads/riscv/opensbi/lib/utils/reset/fdt_reset.c:54: undefined reference to `__stack_chk_fail'
/home/srikanth/Downloads/toolchain/riscv64-buildroot-linux-musl_sdk-buildroot/bin/../lib/gcc/riscv64-buildroot-linux-musl/11.4.0/../../../../riscv64-buildroot-linux-musl/bin/ld: /home/srikanth/Downloads/riscv/opensbi/build/platform/generic/lib/libplatsbi.a(fdt_reset_sifive.o): in function `sifive_test_reset_init':
/home/srikanth/Downloads/riscv/opensbi/lib/utils/reset/fdt_reset_sifive.c:17: undefined reference to `__stack_chk_guard'
/home/srikanth/Downloads/toolchain/riscv64-buildroot-linux-musl_sdk-buildroot/bin/../lib/gcc/riscv64-buildroot-linux-musl/11.4.0/../../../../riscv64-buildroot-linux-musl/bin/ld: /home/srikanth/Downloads/riscv/opensbi/lib/utils/reset/fdt_reset_sifive.c:26: undefined reference to `__stack_chk_fail'
/home/srikanth/Downloads/toolchain/riscv64-buildroot-linux-musl_sdk-buildroot/bin/../lib/gcc/riscv64-buildroot-linux-musl/11.4.0/../../../../riscv64-buildroot-linux-musl/bin/ld: /home/srikanth/Downloads/riscv/opensbi/build/platform/generic/lib/libplatsbi.a(fdt.o): in function `fdt_check_prop_offset_':
/home/srikanth/Downloads/riscv/opensbi/lib/utils/libfdt/fdt.c:197: undefined reference to `__stack_chk_guard'
/home/srikanth/Downloads/toolchain/riscv64-buildroot-linux-musl_sdk-buildroot/bin/../lib/gcc/riscv64-buildroot-linux-musl/11.4.0/../../../../riscv64-buildroot-linux-musl/bin/ld: /home/srikanth/Downloads/riscv/opensbi/build/platform/generic/lib/libplatsbi.a(fdt.o): in function `fdt_check_node_offset_':
/home/srikanth/Downloads/riscv/opensbi/lib/utils/libfdt/fdt.c:187: undefined reference to `__stack_chk_fail'
/home/srikanth/Downloads/toolchain/riscv64-buildroot-linux-musl_sdk-buildroot/bin/../lib/gcc/riscv64-buildroot-linux-musl/11.4.0/../../../../riscv64-buildroot-linux-musl/bin/ld: /home/srikanth/Downloads/riscv/opensbi/lib/utils/libfdt/fdt.c:190: undefined reference to `__stack_chk_guard'
/home/srikanth/Downloads/toolchain/riscv64-buildroot-linux-musl_sdk-buildroot/bin/../lib/gcc/riscv64-buildroot-linux-musl/11.4.0/../../../../riscv64-buildroot-linux-musl/bin/ld: /home/srikanth/Downloads/riscv/opensbi/build/platform/generic/lib/libplatsbi.a(fdt.o): in function `fdt_first_subnode':
/home/srikanth/Downloads/riscv/opensbi/lib/utils/libfdt/fdt.c:247: undefined reference to `__stack_chk_fail'
/home/srikanth/Downloads/toolchain/riscv64-buildroot-linux-musl_sdk-buildroot/bin/../lib/gcc/riscv64-buildroot-linux-musl/11.4.0/../../../../riscv64-buildroot-linux-musl/bin/ld: /home/srikanth/Downloads/riscv/opensbi/lib/utils/libfdt/fdt.c:251: undefined reference to `__stack_chk_guard'
/home/srikanth/Downloads/toolchain/riscv64-buildroot-linux-musl_sdk-buildroot/bin/../lib/gcc/riscv64-buildroot-linux-musl/11.4.0/../../../../riscv64-buildroot-linux-musl/bin/ld: /home/srikanth/Downloads/riscv/opensbi/build/platform/generic/lib/libplatsbi.a(fdt.o): in function `fdt_next_subnode':
/home/srikanth/Downloads/riscv/opensbi/lib/utils/libfdt/fdt.c:262: undefined reference to `__stack_chk_fail'
/home/srikanth/Downloads/toolchain/riscv64-buildroot-linux-musl_sdk-buildroot/bin/../lib/gcc/riscv64-buildroot-linux-musl/11.4.0/../../../../riscv64-buildroot-linux-musl/bin/ld: /home/srikanth/Downloads/riscv/opensbi/build/platform/generic/lib/libplatsbi.a(fdt_ro.o): in function `fdt_get_property_namelen_':
/home/srikanth/Downloads/riscv/opensbi/lib/utils/libfdt/fdt_ro.c:385: undefined reference to `__stack_chk_guard'
/home/srikanth/Downloads/toolchain/riscv64-buildroot-linux-musl_sdk-buildroot/bin/../lib/gcc/riscv64-buildroot-linux-musl/11.4.0/../../../../riscv64-buildroot-linux-musl/bin/ld: /home/srikanth/Downloads/riscv/opensbi/build/platform/generic/lib/libplatsbi.a(fdt_ro.o): in function `fdt_string_eq_':
/home/srikanth/Downloads/riscv/opensbi/lib/utils/libfdt/fdt_ro.c:100: undefined reference to `__stack_chk_fail'
/home/srikanth/Downloads/toolchain/riscv64-buildroot-linux-musl_sdk-buildroot/bin/../lib/gcc/riscv64-buildroot-linux-musl/11.4.0/../../../../riscv64-buildroot-linux-musl/bin/ld: /home/srikanth/Downloads/riscv/opensbi/build/platform/generic/lib/libplatsbi.a(fdt_ro.o): in function `fdt_get_name':
/home/srikanth/Downloads/riscv/opensbi/lib/utils/libfdt/fdt_ro.c:322: undefined reference to `__stack_chk_guard'
/home/srikanth/Downloads/toolchain/riscv64-buildroot-linux-musl_sdk-buildroot/bin/../lib/gcc/riscv64-buildroot-linux-musl/11.4.0/../../../../riscv64-buildroot-linux-musl/bin/ld: /home/srikanth/Downloads/riscv/opensbi/build/platform/generic/lib/libplatsbi.a(fdt_ro.o): in function `fdt_nodename_eq_':
/home/srikanth/Downloads/riscv/opensbi/lib/utils/libfdt/fdt_ro.c:23: undefined reference to `__stack_chk_fail'
/home/srikanth/Downloads/toolchain/riscv64-buildroot-linux-musl_sdk-buildroot/bin/../lib/gcc/riscv64-buildroot-linux-musl/11.4.0/../../../../riscv64-buildroot-linux-musl/bin/ld: /home/srikanth/Downloads/riscv/opensbi/lib/utils/libfdt/fdt_ro.c:28: undefined reference to `__stack_chk_guard'
/home/srikanth/Downloads/toolchain/riscv64-buildroot-linux-musl_sdk-buildroot/bin/../lib/gcc/riscv64-buildroot-linux-musl/11.4.0/../../../../riscv64-buildroot-linux-musl/bin/ld: /home/srikanth/Downloads/riscv/opensbi/build/platform/generic/lib/libplatsbi.a(fdt_ro.o): in function `fdt_first_property_offset':
/home/srikanth/Downloads/riscv/opensbi/lib/utils/libfdt/fdt_ro.c:325: undefined reference to `__stack_chk_fail'
/home/srikanth/Downloads/toolchain/riscv64-buildroot-linux-musl_sdk-buildroot/bin/../lib/gcc/riscv64-buildroot-linux-musl/11.4.0/../../../../riscv64-buildroot-linux-musl/bin/ld: /home/srikanth/Downloads/riscv/opensbi/build/platform/generic/lib/libplatsbi.a(fdt_ro.o): in function `nextprop_':
/home/srikanth/Downloads/riscv/opensbi/lib/utils/libfdt/fdt_ro.c:193: undefined reference to `__stack_chk_guard'
/home/srikanth/Downloads/toolchain/riscv64-buildroot-linux-musl_sdk-buildroot/bin/../lib/gcc/riscv64-buildroot-linux-musl/11.4.0/../../../../riscv64-buildroot-linux-musl/bin/ld: /home/srikanth/Downloads/riscv/opensbi/build/platform/generic/lib/libplatsbi.a(fdt_ro.o): in function `fdt_next_property_offset':
/home/srikanth/Downloads/riscv/opensbi/lib/utils/libfdt/fdt_ro.c:335: undefined reference to `__stack_chk_fail'
/home/srikanth/Downloads/toolchain/riscv64-buildroot-linux-musl_sdk-buildroot/bin/../lib/gcc/riscv64-buildroot-linux-musl/11.4.0/../../../../riscv64-buildroot-linux-musl/bin/ld: /home/srikanth/Downloads/riscv/opensbi/build/platform/generic/lib/libplatsbi.a(fdt_ro.o): in function `fdt_get_property':
/home/srikanth/Downloads/riscv/opensbi/lib/utils/libfdt/fdt_ro.c:430: undefined reference to `__stack_chk_guard'
/home/srikanth/Downloads/toolchain/riscv64-buildroot-linux-musl_sdk-buildroot/bin/../lib/gcc/riscv64-buildroot-linux-musl/11.4.0/../../../../riscv64-buildroot-linux-musl/bin/ld: /home/srikanth/Downloads/riscv/opensbi/build/platform/generic/lib/libplatsbi.a(fdt_ro.o): in function `fdt_getprop_namelen':
/home/srikanth/Downloads/riscv/opensbi/lib/utils/libfdt/fdt_ro.c:441: undefined reference to `__stack_chk_fail'
/home/srikanth/Downloads/toolchain/riscv64-buildroot-linux-musl_sdk-buildroot/bin/../lib/gcc/riscv64-buildroot-linux-musl/11.4.0/../../../../riscv64-buildroot-linux-musl/bin/ld: /home/srikanth/Downloads/riscv/opensbi/build/platform/generic/lib/libplatsbi.a(fdt_ro.o): in function `fdt_path_offset':
/home/srikanth/Downloads/riscv/opensbi/lib/utils/libfdt/fdt_ro.c:283: undefined reference to `__stack_chk_guard'
/home/srikanth/Downloads/toolchain/riscv64-buildroot-linux-musl_sdk-buildroot/bin/../lib/gcc/riscv64-buildroot-linux-musl/11.4.0/../../../../riscv64-buildroot-linux-musl/bin/ld: /home/srikanth/Downloads/riscv/opensbi/build/platform/generic/lib/libplatsbi.a(fdt_ro.o): in function `fdt32_ld':
/home/srikanth/Downloads/riscv/opensbi/lib/utils/libfdt/libfdt.h:132: undefined reference to `__stack_chk_fail'
/home/srikanth/Downloads/toolchain/riscv64-buildroot-linux-musl_sdk-buildroot/bin/../lib/gcc/riscv64-buildroot-linux-musl/11.4.0/../../../../riscv64-buildroot-linux-musl/bin/ld: /home/srikanth/Downloads/riscv/opensbi/build/platform/generic/lib/libplatsbi.a(fdt_ro.o): in function `fdt_getprop_by_offset':
/home/srikanth/Downloads/riscv/opensbi/lib/utils/libfdt/fdt_ro.c:479: undefined reference to `__stack_chk_guard'
/home/srikanth/Downloads/toolchain/riscv64-buildroot-linux-musl_sdk-buildroot/bin/../lib/gcc/riscv64-buildroot-linux-musl/11.4.0/../../../../riscv64-buildroot-linux-musl/bin/ld: /home/srikanth/Downloads/riscv/opensbi/build/platform/generic/lib/libplatsbi.a(fdt_ro.o): in function `fdt_get_phandle':
/home/srikanth/Downloads/riscv/opensbi/lib/utils/libfdt/fdt_ro.c:488: undefined reference to `__stack_chk_fail'
/home/srikanth/Downloads/toolchain/riscv64-buildroot-linux-musl_sdk-buildroot/bin/../lib/gcc/riscv64-buildroot-linux-musl/11.4.0/../../../../riscv64-buildroot-linux-musl/bin/ld: /home/srikanth/Downloads/riscv/opensbi/build/platform/generic/lib/libplatsbi.a(fdt_ro.o): in function `fdt_get_alias_namelen':
/home/srikanth/Downloads/riscv/opensbi/lib/utils/libfdt/fdt_ro.c:506: undefined reference to `__stack_chk_guard'
/home/srikanth/Downloads/toolchain/riscv64-buildroot-linux-musl_sdk-buildroot/bin/../lib/gcc/riscv64-buildroot-linux-musl/11.4.0/../../../../riscv64-buildroot-linux-musl/bin/ld: /home/srikanth/Downloads/riscv/opensbi/build/platform/generic/lib/libplatsbi.a(fdt_ro.o): in function `fdt_get_path':
/home/srikanth/Downloads/riscv/opensbi/lib/utils/libfdt/fdt_ro.c:527: undefined reference to `__stack_chk_fail'
/home/srikanth/Downloads/toolchain/riscv64-buildroot-linux-musl_sdk-buildroot/bin/../lib/gcc/riscv64-buildroot-linux-musl/11.4.0/../../../../riscv64-buildroot-linux-musl/bin/ld: /home/srikanth/Downloads/riscv/opensbi/lib/utils/libfdt/fdt_ro.c:571: undefined reference to `__stack_chk_guard'
/home/srikanth/Downloads/toolchain/riscv64-buildroot-linux-musl_sdk-buildroot/bin/../lib/gcc/riscv64-buildroot-linux-musl/11.4.0/../../../../riscv64-buildroot-linux-musl/bin/ld: /home/srikanth/Downloads/riscv/opensbi/lib/utils/libfdt/fdt_ro.c:567: undefined reference to `__stack_chk_fail'
/home/srikanth/Downloads/toolchain/riscv64-buildroot-linux-musl_sdk-buildroot/bin/../lib/gcc/riscv64-buildroot-linux-musl/11.4.0/../../../../riscv64-buildroot-linux-musl/bin/ld: /home/srikanth/Downloads/riscv/opensbi/lib/utils/libfdt/fdt_ro.c:548: undefined reference to `__stack_chk_guard'
/home/srikanth/Downloads/toolchain/riscv64-buildroot-linux-musl_sdk-buildroot/bin/../lib/gcc/riscv64-buildroot-linux-musl/11.4.0/../../../../riscv64-buildroot-linux-musl/bin/ld: /home/srikanth/Downloads/riscv/opensbi/lib/utils/libfdt/fdt_ro.c:545: undefined reference to `__stack_chk_fail'
/home/srikanth/Downloads/toolchain/riscv64-buildroot-linux-musl_sdk-buildroot/bin/../lib/gcc/riscv64-buildroot-linux-musl/11.4.0/../../../../riscv64-buildroot-linux-musl/bin/ld: /home/srikanth/Downloads/riscv/opensbi/build/platform/generic/lib/libplatsbi.a(fdt_ro.o): in function `fdt_supernode_atdepth_offset':
/home/srikanth/Downloads/riscv/opensbi/lib/utils/libfdt/fdt_ro.c:575: undefined reference to `__stack_chk_guard'
/home/srikanth/Downloads/toolchain/riscv64-buildroot-linux-musl_sdk-buildroot/bin/../lib/gcc/riscv64-buildroot-linux-musl/11.4.0/../../../../riscv64-buildroot-linux-musl/bin/ld: /home/srikanth/Downloads/riscv/opensbi/lib/utils/libfdt/fdt_ro.c:584: undefined reference to `__stack_chk_fail'
/home/srikanth/Downloads/toolchain/riscv64-buildroot-linux-musl_sdk-buildroot/bin/../lib/gcc/riscv64-buildroot-linux-musl/11.4.0/../../../../riscv64-buildroot-linux-musl/bin/ld: /home/srikanth/Downloads/riscv/opensbi/lib/utils/libfdt/fdt_ro.c:586: undefined reference to `__stack_chk_guard'
/home/srikanth/Downloads/toolchain/riscv64-buildroot-linux-musl_sdk-buildroot/bin/../lib/gcc/riscv64-buildroot-linux-musl/11.4.0/../../../../riscv64-buildroot-linux-musl/bin/ld: /home/srikanth/Downloads/riscv/opensbi/build/platform/generic/lib/libplatsbi.a(fdt_ro.o): in function `fdt_parent_offset':
/home/srikanth/Downloads/riscv/opensbi/lib/utils/libfdt/fdt_ro.c:621: undefined reference to `__stack_chk_fail'
/home/srikanth/Downloads/toolchain/riscv64-buildroot-linux-musl_sdk-buildroot/bin/../lib/gcc/riscv64-buildroot-linux-musl/11.4.0/../../../../riscv64-buildroot-linux-musl/bin/ld: /home/srikanth/Downloads/riscv/opensbi/build/platform/generic/lib/libplatsbi.a(fdt_ro.o): in function `fdt_getprop':
/home/srikanth/Downloads/riscv/opensbi/lib/utils/libfdt/fdt_ro.c:484: undefined reference to `__stack_chk_guard'
/home/srikanth/Downloads/toolchain/riscv64-buildroot-linux-musl_sdk-buildroot/bin/../lib/gcc/riscv64-buildroot-linux-musl/11.4.0/../../../../riscv64-buildroot-linux-musl/bin/ld: /home/srikanth/Downloads/riscv/opensbi/build/platform/generic/lib/libplatsbi.a(fdt_ro.o): in function `fdt_node_offset_by_phandle':
/home/srikanth/Downloads/riscv/opensbi/lib/utils/libfdt/fdt_ro.c:672: undefined reference to `__stack_chk_fail'
/home/srikanth/Downloads/toolchain/riscv64-buildroot-linux-musl_sdk-buildroot/bin/../lib/gcc/riscv64-buildroot-linux-musl/11.4.0/../../../../riscv64-buildroot-linux-musl/bin/ld: /home/srikanth/Downloads/riscv/opensbi/lib/utils/libfdt/fdt_ro.c:675: undefined reference to `__stack_chk_guard'
/home/srikanth/Downloads/toolchain/riscv64-buildroot-linux-musl_sdk-buildroot/bin/../lib/gcc/riscv64-buildroot-linux-musl/11.4.0/../../../../riscv64-buildroot-linux-musl/bin/ld: /home/srikanth/Downloads/riscv/opensbi/build/platform/generic/lib/libplatsbi.a(fdt_ro.o): in function `fdt_stringlist_count':
/home/srikanth/Downloads/riscv/opensbi/lib/utils/libfdt/fdt_ro.c:700: undefined reference to `__stack_chk_fail'
/home/srikanth/Downloads/toolchain/riscv64-buildroot-linux-musl_sdk-buildroot/bin/../lib/gcc/riscv64-buildroot-linux-musl/11.4.0/../../../../riscv64-buildroot-linux-musl/bin/ld: /home/srikanth/Downloads/riscv/opensbi/build/platform/generic/lib/libplatsbi.a(fdt_ro.o): in function `fdt_getprop':
/home/srikanth/Downloads/riscv/opensbi/lib/utils/libfdt/fdt_ro.c:484: undefined reference to `__stack_chk_guard'
/home/srikanth/Downloads/toolchain/riscv64-buildroot-linux-musl_sdk-buildroot/bin/../lib/gcc/riscv64-buildroot-linux-musl/11.4.0/../../../../riscv64-buildroot-linux-musl/bin/ld: /home/srikanth/Downloads/riscv/opensbi/lib/utils/libfdt/fdt_ro.c:484: undefined reference to `__stack_chk_fail'
/home/srikanth/Downloads/toolchain/riscv64-buildroot-linux-musl_sdk-buildroot/bin/../lib/gcc/riscv64-buildroot-linux-musl/11.4.0/../../../../riscv64-buildroot-linux-musl/bin/ld: /home/srikanth/Downloads/riscv/opensbi/build/platform/generic/lib/libplatsbi.a(fdt_ro.o): in function `fdt_stringlist_search':
/home/srikanth/Downloads/riscv/opensbi/lib/utils/libfdt/fdt_ro.c:727: undefined reference to `__stack_chk_guard'
/home/srikanth/Downloads/toolchain/riscv64-buildroot-linux-musl_sdk-buildroot/bin/../lib/gcc/riscv64-buildroot-linux-musl/11.4.0/../../../../riscv64-buildroot-linux-musl/bin/ld: /home/srikanth/Downloads/riscv/opensbi/lib/utils/libfdt/fdt_ro.c:752: undefined reference to `__stack_chk_fail'
/home/srikanth/Downloads/toolchain/riscv64-buildroot-linux-musl_sdk-buildroot/bin/../lib/gcc/riscv64-buildroot-linux-musl/11.4.0/../../../../riscv64-buildroot-linux-musl/bin/ld: /home/srikanth/Downloads/riscv/opensbi/build/platform/generic/lib/libplatsbi.a(fdt_ro.o): in function `fdt_stringlist_get':
/home/srikanth/Downloads/riscv/opensbi/lib/utils/libfdt/fdt_ro.c:757: undefined reference to `__stack_chk_guard'
/home/srikanth/Downloads/toolchain/riscv64-buildroot-linux-musl_sdk-buildroot/bin/../lib/gcc/riscv64-buildroot-linux-musl/11.4.0/../../../../riscv64-buildroot-linux-musl/bin/ld: /home/srikanth/Downloads/riscv/opensbi/lib/utils/libfdt/fdt_ro.c:797: undefined reference to `__stack_chk_fail'
/home/srikanth/Downloads/toolchain/riscv64-buildroot-linux-musl_sdk-buildroot/bin/../lib/gcc/riscv64-buildroot-linux-musl/11.4.0/../../../../riscv64-buildroot-linux-musl/bin/ld: /home/srikanth/Downloads/riscv/opensbi/lib/utils/libfdt/fdt_ro.c:794: undefined reference to `__stack_chk_guard'
/home/srikanth/Downloads/toolchain/riscv64-buildroot-linux-musl_sdk-buildroot/bin/../lib/gcc/riscv64-buildroot-linux-musl/11.4.0/../../../../riscv64-buildroot-linux-musl/bin/ld: /home/srikanth/Downloads/riscv/opensbi/build/platform/generic/lib/libplatsbi.a(fdt_ro.o): in function `fdt_node_offset_by_compatible':
/home/srikanth/Downloads/riscv/opensbi/lib/utils/libfdt/fdt_ro.c:824: undefined reference to `__stack_chk_fail'
/home/srikanth/Downloads/toolchain/riscv64-buildroot-linux-musl_sdk-buildroot/bin/../lib/gcc/riscv64-buildroot-linux-musl/11.4.0/../../../../riscv64-buildroot-linux-musl/bin/ld: /home/srikanth/Downloads/riscv/opensbi/build/platform/generic/lib/libplatsbi.a(fdt_irqchip.o): in function `fdt_irqchip_init':
/home/srikanth/Downloads/riscv/opensbi/lib/utils/irqchip/fdt_irqchip.c:64: undefined reference to `__stack_chk_guard'
/home/srikanth/Downloads/toolchain/riscv64-buildroot-linux-musl_sdk-buildroot/bin/../lib/gcc/riscv64-buildroot-linux-musl/11.4.0/../../../../riscv64-buildroot-linux-musl/bin/ld: /home/srikanth/Downloads/riscv/opensbi/lib/utils/irqchip/fdt_irqchip.c:74: undefined reference to `__stack_chk_fail'
/home/srikanth/Downloads/toolchain/riscv64-buildroot-linux-musl_sdk-buildroot/bin/../lib/gcc/riscv64-buildroot-linux-musl/11.4.0/../../../../riscv64-buildroot-linux-musl/bin/ld: /home/srikanth/Downloads/riscv/opensbi/build/platform/generic/lib/libplatsbi.a(fdt_irqchip_plic.o): in function `irqchip_plic_cold_init':
/home/srikanth/Downloads/riscv/opensbi/lib/utils/irqchip/fdt_irqchip_plic.c:86: undefined reference to `__stack_chk_guard'
/home/srikanth/Downloads/toolchain/riscv64-buildroot-linux-musl_sdk-buildroot/bin/../lib/gcc/riscv64-buildroot-linux-musl/11.4.0/../../../../riscv64-buildroot-linux-musl/bin/ld: /home/srikanth/Downloads/riscv/opensbi/lib/utils/irqchip/fdt_irqchip_plic.c:100: undefined reference to `__stack_chk_fail'
/home/srikanth/Downloads/toolchain/riscv64-buildroot-linux-musl_sdk-buildroot/bin/../lib/gcc/riscv64-buildroot-linux-musl/11.4.0/../../../../riscv64-buildroot-linux-musl/bin/ld: /home/srikanth/Downloads/riscv/opensbi/build/platform/generic/lib/libplatsbi.a(fdt_ipi.o): in function `fdt_ipi_init':
/home/srikanth/Downloads/riscv/opensbi/lib/utils/ipi/fdt_ipi.c:91: undefined reference to `__stack_chk_guard'
/home/srikanth/Downloads/toolchain/riscv64-buildroot-linux-musl_sdk-buildroot/bin/../lib/gcc/riscv64-buildroot-linux-musl/11.4.0/../../../../riscv64-buildroot-linux-musl/bin/ld: /home/srikanth/Downloads/riscv/opensbi/build/platform/generic/lib/libplatsbi.a(fdt_ipi.o): in function `fdt_ipi_cold_init':
/home/srikanth/Downloads/riscv/opensbi/lib/utils/ipi/fdt_ipi.c:80: undefined reference to `__stack_chk_fail'
/home/srikanth/Downloads/toolchain/riscv64-buildroot-linux-musl_sdk-buildroot/bin/../lib/gcc/riscv64-buildroot-linux-musl/11.4.0/../../../../riscv64-buildroot-linux-musl/bin/ld: /home/srikanth/Downloads/riscv/opensbi/build/platform/generic/lib/libplatsbi.a(fdt_helper.o): in function `fdt_get_node_addr_size':
/home/srikanth/Downloads/riscv/opensbi/lib/utils/fdt/fdt_helper.c:76: undefined reference to `__stack_chk_guard'
/home/srikanth/Downloads/toolchain/riscv64-buildroot-linux-musl_sdk-buildroot/bin/../lib/gcc/riscv64-buildroot-linux-musl/11.4.0/../../../../riscv64-buildroot-linux-musl/bin/ld: /home/srikanth/Downloads/riscv/opensbi/lib/utils/fdt/fdt_helper.c:112: undefined reference to `__stack_chk_fail'
/home/srikanth/Downloads/toolchain/riscv64-buildroot-linux-musl_sdk-buildroot/bin/../lib/gcc/riscv64-buildroot-linux-musl/11.4.0/../../../../riscv64-buildroot-linux-musl/bin/ld: /home/srikanth/Downloads/riscv/opensbi/lib/utils/fdt/fdt_helper.c:112: undefined reference to `__stack_chk_guard'
/home/srikanth/Downloads/toolchain/riscv64-buildroot-linux-musl_sdk-buildroot/bin/../lib/gcc/riscv64-buildroot-linux-musl/11.4.0/../../../../riscv64-buildroot-linux-musl/bin/ld: /home/srikanth/Downloads/riscv/opensbi/build/platform/generic/lib/libplatsbi.a(fdt_helper.o): in function `fdt_parse_hart_id':
/home/srikanth/Downloads/riscv/opensbi/lib/utils/fdt/fdt_helper.c:140: undefined reference to `__stack_chk_fail'
/home/srikanth/Downloads/toolchain/riscv64-buildroot-linux-musl_sdk-buildroot/bin/../lib/gcc/riscv64-buildroot-linux-musl/11.4.0/../../../../riscv64-buildroot-linux-musl/bin/ld: /home/srikanth/Downloads/riscv/opensbi/lib/utils/fdt/fdt_helper.c:140: undefined reference to `__stack_chk_guard'
/home/srikanth/Downloads/toolchain/riscv64-buildroot-linux-musl_sdk-buildroot/bin/../lib/gcc/riscv64-buildroot-linux-musl/11.4.0/../../../../riscv64-buildroot-linux-musl/bin/ld: /home/srikanth/Downloads/riscv/opensbi/build/platform/generic/lib/libplatsbi.a(fdt_helper.o): in function `fdt_parse_max_hart_id':
/home/srikanth/Downloads/riscv/opensbi/lib/utils/fdt/fdt_helper.c:158: undefined reference to `__stack_chk_fail'
/home/srikanth/Downloads/toolchain/riscv64-buildroot-linux-musl_sdk-buildroot/bin/../lib/gcc/riscv64-buildroot-linux-musl/11.4.0/../../../../riscv64-buildroot-linux-musl/bin/ld: /home/srikanth/Downloads/riscv/opensbi/lib/utils/fdt/fdt_helper.c:168: undefined reference to `__stack_chk_guard'
/home/srikanth/Downloads/toolchain/riscv64-buildroot-linux-musl_sdk-buildroot/bin/../lib/gcc/riscv64-buildroot-linux-musl/11.4.0/../../../../riscv64-buildroot-linux-musl/bin/ld: /home/srikanth/Downloads/riscv/opensbi/build/platform/generic/lib/libplatsbi.a(fdt_helper.o): in function `fdt32_to_cpu':
/home/srikanth/Downloads/riscv/opensbi/lib/utils/libfdt/libfdt_env.h:62: undefined reference to `__stack_chk_fail'
/home/srikanth/Downloads/toolchain/riscv64-buildroot-linux-musl_sdk-buildroot/bin/../lib/gcc/riscv64-buildroot-linux-musl/11.4.0/../../../../riscv64-buildroot-linux-musl/bin/ld: /home/srikanth/Downloads/riscv/opensbi/build/platform/generic/lib/libplatsbi.a(fdt_helper.o): in function `fdt_parse_shakti_uart_node':
/home/srikanth/Downloads/riscv/opensbi/lib/utils/fdt/fdt_helper.c:199: undefined reference to `__stack_chk_guard'
/home/srikanth/Downloads/toolchain/riscv64-buildroot-linux-musl_sdk-buildroot/bin/../lib/gcc/riscv64-buildroot-linux-musl/11.4.0/../../../../riscv64-buildroot-linux-musl/bin/ld: /home/srikanth/Downloads/riscv/opensbi/build/platform/generic/lib/libplatsbi.a(fdt_helper.o): in function `fdt32_to_cpu':
/home/srikanth/Downloads/riscv/opensbi/lib/utils/libfdt/libfdt_env.h:62: undefined reference to `__stack_chk_fail'
/home/srikanth/Downloads/toolchain/riscv64-buildroot-linux-musl_sdk-buildroot/bin/../lib/gcc/riscv64-buildroot-linux-musl/11.4.0/../../../../riscv64-buildroot-linux-musl/bin/ld: /home/srikanth/Downloads/riscv/opensbi/build/platform/generic/lib/libplatsbi.a(fdt_helper.o): in function `fdt_parse_sifive_uart_node':
/home/srikanth/Downloads/riscv/opensbi/lib/utils/fdt/fdt_helper.c:233: undefined reference to `__stack_chk_guard'
/home/srikanth/Downloads/toolchain/riscv64-buildroot-linux-musl_sdk-buildroot/bin/../lib/gcc/riscv64-buildroot-linux-musl/11.4.0/../../../../riscv64-buildroot-linux-musl/bin/ld: /home/srikanth/Downloads/riscv/opensbi/build/platform/generic/lib/libplatsbi.a(fdt_helper.o): in function `fdt_parse_uart8250_node':
/home/srikanth/Downloads/riscv/opensbi/lib/utils/fdt/fdt_helper.c:280: undefined reference to `__stack_chk_fail'
/home/srikanth/Downloads/toolchain/riscv64-buildroot-linux-musl_sdk-buildroot/bin/../lib/gcc/riscv64-buildroot-linux-musl/11.4.0/../../../../riscv64-buildroot-linux-musl/bin/ld: /home/srikanth/Downloads/riscv/opensbi/lib/utils/fdt/fdt_helper.c:250: undefined reference to `__stack_chk_guard'
/home/srikanth/Downloads/toolchain/riscv64-buildroot-linux-musl_sdk-buildroot/bin/../lib/gcc/riscv64-buildroot-linux-musl/11.4.0/../../../../riscv64-buildroot-linux-musl/bin/ld: /home/srikanth/Downloads/riscv/opensbi/build/platform/generic/lib/libplatsbi.a(fdt_helper.o): in function `fdt_parse_plic_node':
/home/srikanth/Downloads/riscv/opensbi/lib/utils/fdt/fdt_helper.c:317: undefined reference to `__stack_chk_fail'
/home/srikanth/Downloads/toolchain/riscv64-buildroot-linux-musl_sdk-buildroot/bin/../lib/gcc/riscv64-buildroot-linux-musl/11.4.0/../../../../riscv64-buildroot-linux-musl/bin/ld: /home/srikanth/Downloads/riscv/opensbi/lib/utils/fdt/fdt_helper.c:322: undefined reference to `__stack_chk_guard'
/home/srikanth/Downloads/toolchain/riscv64-buildroot-linux-musl_sdk-buildroot/bin/../lib/gcc/riscv64-buildroot-linux-musl/11.4.0/../../../../riscv64-buildroot-linux-musl/bin/ld: /home/srikanth/Downloads/riscv/opensbi/build/platform/generic/lib/libplatsbi.a(fdt_helper.o): in function `fdt_parse_clint_node':
/home/srikanth/Downloads/riscv/opensbi/lib/utils/fdt/fdt_helper.c:395: undefined reference to `__stack_chk_fail'
/home/srikanth/Downloads/toolchain/riscv64-buildroot-linux-musl_sdk-buildroot/bin/../lib/gcc/riscv64-buildroot-linux-musl/11.4.0/../../../../riscv64-buildroot-linux-musl/bin/ld: /home/srikanth/Downloads/riscv/opensbi/build/platform/generic/lib/libplatsbi.a(fdt_fixup.o): in function `fdt_resv_memory_update_node':
/home/srikanth/Downloads/riscv/opensbi/lib/utils/fdt/fdt_fixup.c:74: undefined reference to `__stack_chk_guard'
/home/srikanth/Downloads/toolchain/riscv64-buildroot-linux-musl_sdk-buildroot/bin/../lib/gcc/riscv64-buildroot-linux-musl/11.4.0/../../../../riscv64-buildroot-linux-musl/bin/ld: /home/srikanth/Downloads/riscv/opensbi/lib/utils/fdt/fdt_fixup.c:108: undefined reference to `__stack_chk_fail'
/home/srikanth/Downloads/toolchain/riscv64-buildroot-linux-musl_sdk-buildroot/bin/../lib/gcc/riscv64-buildroot-linux-musl/11.4.0/../../../../riscv64-buildroot-linux-musl/bin/ld: /home/srikanth/Downloads/riscv/opensbi/lib/utils/fdt/fdt_fixup.c:128: undefined reference to `__stack_chk_guard'
/home/srikanth/Downloads/toolchain/riscv64-buildroot-linux-musl_sdk-buildroot/bin/../lib/gcc/riscv64-buildroot-linux-musl/11.4.0/../../../../riscv64-buildroot-linux-musl/bin/ld: /home/srikanth/Downloads/riscv/opensbi/build/platform/generic/lib/libplatsbi.a(fdt_fixup.o): in function `fdt_cpu_fixup':
/home/srikanth/Downloads/riscv/opensbi/lib/utils/fdt/fdt_fixup.c:41: undefined reference to `__stack_chk_fail'
/home/srikanth/Downloads/toolchain/riscv64-buildroot-linux-musl_sdk-buildroot/bin/../lib/gcc/riscv64-buildroot-linux-musl/11.4.0/../../../../riscv64-buildroot-linux-musl/bin/ld: /home/srikanth/Downloads/riscv/opensbi/lib/utils/fdt/fdt_fixup.c:35: undefined reference to `__stack_chk_guard'
/home/srikanth/Downloads/toolchain/riscv64-buildroot-linux-musl_sdk-buildroot/bin/../lib/gcc/riscv64-buildroot-linux-musl/11.4.0/../../../../riscv64-buildroot-linux-musl/bin/ld: /home/srikanth/Downloads/riscv/opensbi/build/platform/generic/lib/libplatsbi.a(fdt_fixup.o): in function `fdt32_to_cpu':
/home/srikanth/Downloads/riscv/opensbi/lib/utils/libfdt/libfdt_env.h:62: undefined reference to `__stack_chk_fail'
/home/srikanth/Downloads/toolchain/riscv64-buildroot-linux-musl_sdk-buildroot/bin/../lib/gcc/riscv64-buildroot-linux-musl/11.4.0/../../../../riscv64-buildroot-linux-musl/bin/ld: /home/srikanth/Downloads/riscv/opensbi/build/platform/generic/lib/libplatsbi.a(fdt_fixup.o): in function `fdt_plic_fixup':
/home/srikanth/Downloads/riscv/opensbi/lib/utils/fdt/fdt_fixup.c:65: undefined reference to `__stack_chk_guard'
/home/srikanth/Downloads/toolchain/riscv64-buildroot-linux-musl_sdk-buildroot/bin/../lib/gcc/riscv64-buildroot-linux-musl/11.4.0/../../../../riscv64-buildroot-linux-musl/bin/ld: /home/srikanth/Downloads/riscv/opensbi/build/platform/generic/lib/libplatsbi.a(fdt_fixup.o): in function `fdt_reserved_memory_fixup':
/home/srikanth/Downloads/riscv/opensbi/lib/utils/fdt/fdt_fixup.c:202: undefined reference to `__stack_chk_fail'
/home/srikanth/Downloads/toolchain/riscv64-buildroot-linux-musl_sdk-buildroot/bin/../lib/gcc/riscv64-buildroot-linux-musl/11.4.0/../../../../riscv64-buildroot-linux-musl/bin/ld: /home/srikanth/Downloads/riscv/opensbi/build/platform/generic/lib/libplatsbi.a(fdt_addresses.o): in function `fdt_cells':
/home/srikanth/Downloads/riscv/opensbi/lib/utils/libfdt/fdt_addresses.c:15: undefined reference to `__stack_chk_guard'
/home/srikanth/Downloads/toolchain/riscv64-buildroot-linux-musl_sdk-buildroot/bin/../lib/gcc/riscv64-buildroot-linux-musl/11.4.0/../../../../riscv64-buildroot-linux-musl/bin/ld: /home/srikanth/Downloads/riscv/opensbi/lib/utils/libfdt/fdt_addresses.c:25: undefined reference to `__stack_chk_fail'
/home/srikanth/Downloads/toolchain/riscv64-buildroot-linux-musl_sdk-buildroot/bin/../lib/gcc/riscv64-buildroot-linux-musl/11.4.0/../../../../riscv64-buildroot-linux-musl/bin/ld: /home/srikanth/Downloads/riscv/opensbi/build/platform/generic/lib/libplatsbi.a(fdt_addresses.o): in function `fdt_address_cells':
/home/srikanth/Downloads/riscv/opensbi/lib/utils/libfdt/fdt_addresses.c:35: undefined reference to `__stack_chk_guard'
/home/srikanth/Downloads/toolchain/riscv64-buildroot-linux-musl_sdk-buildroot/bin/../lib/gcc/riscv64-buildroot-linux-musl/11.4.0/../../../../riscv64-buildroot-linux-musl/bin/ld: /home/srikanth/Downloads/riscv/opensbi/lib/utils/libfdt/fdt_addresses.c:42: undefined reference to `__stack_chk_fail'
/home/srikanth/Downloads/toolchain/riscv64-buildroot-linux-musl_sdk-buildroot/bin/../lib/gcc/riscv64-buildroot-linux-musl/11.4.0/../../../../riscv64-buildroot-linux-musl/bin/ld: /home/srikanth/Downloads/riscv/opensbi/build/platform/generic/lib/libplatsbi.a(fdt_addresses.o): in function `fdt_size_cells':
/home/srikanth/Downloads/riscv/opensbi/lib/utils/libfdt/fdt_addresses.c:47: undefined reference to `__stack_chk_guard'
/home/srikanth/Downloads/toolchain/riscv64-buildroot-linux-musl_sdk-buildroot/bin/../lib/gcc/riscv64-buildroot-linux-musl/11.4.0/../../../../riscv64-buildroot-linux-musl/bin/ld: /home/srikanth/Downloads/riscv/opensbi/lib/utils/libfdt/fdt_addresses.c:51: undefined reference to `__stack_chk_fail'
/home/srikanth/Downloads/toolchain/riscv64-buildroot-linux-musl_sdk-buildroot/bin/../lib/gcc/riscv64-buildroot-linux-musl/11.4.0/../../../../riscv64-buildroot-linux-musl/bin/ld: /home/srikanth/Downloads/riscv/opensbi/build/platform/generic/lib/libplatsbi.a(fdt_addresses.o): in function `fdt_appendprop_addrrange':
/home/srikanth/Downloads/riscv/opensbi/lib/utils/libfdt/fdt_addresses.c:59: undefined reference to `__stack_chk_guard'
/home/srikanth/Downloads/toolchain/riscv64-buildroot-linux-musl_sdk-buildroot/bin/../lib/gcc/riscv64-buildroot-linux-musl/11.4.0/../../../../riscv64-buildroot-linux-musl/bin/ld: /home/srikanth/Downloads/riscv/opensbi/lib/utils/libfdt/fdt_addresses.c:69: undefined reference to `__stack_chk_fail'
/home/srikanth/Downloads/toolchain/riscv64-buildroot-linux-musl_sdk-buildroot/bin/../lib/gcc/riscv64-buildroot-linux-musl/11.4.0/../../../../riscv64-buildroot-linux-musl/bin/ld: /home/srikanth/Downloads/riscv/opensbi/build/platform/generic/lib/libplatsbi.a(fdt_rw.o): in function `fdt_del_mem_rsv':
/home/srikanth/Downloads/riscv/opensbi/lib/utils/libfdt/fdt_rw.c:164: undefined reference to `__stack_chk_guard'
/home/srikanth/Downloads/toolchain/riscv64-buildroot-linux-musl_sdk-buildroot/bin/../lib/gcc/riscv64-buildroot-linux-musl/11.4.0/../../../../riscv64-buildroot-linux-musl/bin/ld: /home/srikanth/Downloads/riscv/opensbi/build/platform/generic/lib/libplatsbi.a(fdt_rw.o): in function `fdt_set_name':
/home/srikanth/Downloads/riscv/opensbi/lib/utils/libfdt/fdt_rw.c:241: undefined reference to `__stack_chk_fail'
/home/srikanth/Downloads/toolchain/riscv64-buildroot-linux-musl_sdk-buildroot/bin/../lib/gcc/riscv64-buildroot-linux-musl/11.4.0/../../../../riscv64-buildroot-linux-musl/bin/ld: /home/srikanth/Downloads/riscv/opensbi/lib/utils/libfdt/fdt_rw.c:232: undefined reference to `__stack_chk_guard'
/home/srikanth/Downloads/toolchain/riscv64-buildroot-linux-musl_sdk-buildroot/bin/../lib/gcc/riscv64-buildroot-linux-musl/11.4.0/../../../../riscv64-buildroot-linux-musl/bin/ld: /home/srikanth/Downloads/riscv/opensbi/build/platform/generic/lib/libplatsbi.a(fdt_rw.o): in function `fdt_resize_property_':
/home/srikanth/Downloads/riscv/opensbi/lib/utils/libfdt/fdt_rw.c:180: undefined reference to `__stack_chk_fail'
/home/srikanth/Downloads/toolchain/riscv64-buildroot-linux-musl_sdk-buildroot/bin/../lib/gcc/riscv64-buildroot-linux-musl/11.4.0/../../../../riscv64-buildroot-linux-musl/bin/ld: /home/srikanth/Downloads/riscv/opensbi/build/platform/generic/lib/libplatsbi.a(fdt_rw.o): in function `cpu_to_fdt32':
/home/srikanth/Downloads/riscv/opensbi/lib/utils/libfdt/libfdt_env.h:66: undefined reference to `__stack_chk_guard'
/home/srikanth/Downloads/toolchain/riscv64-buildroot-linux-musl_sdk-buildroot/bin/../lib/gcc/riscv64-buildroot-linux-musl/11.4.0/../../../../riscv64-buildroot-linux-musl/bin/ld: /home/srikanth/Downloads/riscv/opensbi/build/platform/generic/lib/libplatsbi.a(fdt_rw.o): in function `fdt_setprop_placeholder':
/home/srikanth/Downloads/riscv/opensbi/lib/utils/libfdt/fdt_rw.c:252: undefined reference to `__stack_chk_fail'
/home/srikanth/Downloads/toolchain/riscv64-buildroot-linux-musl_sdk-buildroot/bin/../lib/gcc/riscv64-buildroot-linux-musl/11.4.0/../../../../riscv64-buildroot-linux-musl/bin/ld: /home/srikanth/Downloads/riscv/opensbi/build/platform/generic/lib/libplatsbi.a(fdt_rw.o): in function `fdt_setprop':
/home/srikanth/Downloads/riscv/opensbi/lib/utils/libfdt/fdt_rw.c:263: undefined reference to `__stack_chk_guard'
/home/srikanth/Downloads/toolchain/riscv64-buildroot-linux-musl_sdk-buildroot/bin/../lib/gcc/riscv64-buildroot-linux-musl/11.4.0/../../../../riscv64-buildroot-linux-musl/bin/ld: /home/srikanth/Downloads/riscv/opensbi/build/platform/generic/lib/libplatsbi.a(fdt_rw.o): in function `fdt_appendprop':
/home/srikanth/Downloads/riscv/opensbi/lib/utils/libfdt/fdt_rw.c:286: undefined reference to `__stack_chk_fail'
/home/srikanth/Downloads/toolchain/riscv64-buildroot-linux-musl_sdk-buildroot/bin/../lib/gcc/riscv64-buildroot-linux-musl/11.4.0/../../../../riscv64-buildroot-linux-musl/bin/ld: /home/srikanth/Downloads/riscv/opensbi/lib/utils/libfdt/fdt_rw.c:287: undefined reference to `__stack_chk_guard'
/home/srikanth/Downloads/toolchain/riscv64-buildroot-linux-musl_sdk-buildroot/bin/../lib/gcc/riscv64-buildroot-linux-musl/11.4.0/../../../../riscv64-buildroot-linux-musl/bin/ld: /home/srikanth/Downloads/riscv/opensbi/lib/utils/libfdt/fdt_rw.c:295: undefined reference to `__stack_chk_fail'
/home/srikanth/Downloads/toolchain/riscv64-buildroot-linux-musl_sdk-buildroot/bin/../lib/gcc/riscv64-buildroot-linux-musl/11.4.0/../../../../riscv64-buildroot-linux-musl/bin/ld: /home/srikanth/Downloads/riscv/opensbi/lib/utils/libfdt/fdt_rw.c:301: undefined reference to `__stack_chk_guard'
/home/srikanth/Downloads/toolchain/riscv64-buildroot-linux-musl_sdk-buildroot/bin/../lib/gcc/riscv64-buildroot-linux-musl/11.4.0/../../../../riscv64-buildroot-linux-musl/bin/ld: /home/srikanth/Downloads/riscv/opensbi/build/platform/generic/lib/libplatsbi.a(fdt_rw.o): in function `fdt_add_subnode_namelen':
/home/srikanth/Downloads/riscv/opensbi/lib/utils/libfdt/fdt_rw.c:331: undefined reference to `__stack_chk_fail'
/home/srikanth/Downloads/toolchain/riscv64-buildroot-linux-musl_sdk-buildroot/bin/../lib/gcc/riscv64-buildroot-linux-musl/11.4.0/../../../../riscv64-buildroot-linux-musl/bin/ld: /home/srikanth/Downloads/riscv/opensbi/build/platform/generic/lib/libplatsbi.a(fdt_rw.o): in function `fdt_add_subnode':
/home/srikanth/Downloads/riscv/opensbi/lib/utils/libfdt/fdt_rw.c:360: undefined reference to `__stack_chk_guard'
/home/srikanth/Downloads/toolchain/riscv64-buildroot-linux-musl_sdk-buildroot/bin/../lib/gcc/riscv64-buildroot-linux-musl/11.4.0/../../../../riscv64-buildroot-linux-musl/bin/ld: /home/srikanth/Downloads/riscv/opensbi/build/platform/generic/lib/libplatsbi.a(fdt_rw.o): in function `fdt_open_into':
/home/srikanth/Downloads/riscv/opensbi/lib/utils/libfdt/fdt_rw.c:462: undefined reference to `__stack_chk_fail'
/home/srikanth/Downloads/toolchain/riscv64-buildroot-linux-musl_sdk-buildroot/bin/../lib/gcc/riscv64-buildroot-linux-musl/11.4.0/../../../../riscv64-buildroot-linux-musl/bin/ld: /home/srikanth/Downloads/riscv/opensbi/build/platform/generic/lib/libplatsbi.a(fdt_wip.o): in function `fdt_setprop_inplace_namelen_partial':
/home/srikanth/Downloads/riscv/opensbi/lib/utils/libfdt/fdt_wip.c:17: undefined reference to `__stack_chk_guard'
/home/srikanth/Downloads/toolchain/riscv64-buildroot-linux-musl_sdk-buildroot/bin/../lib/gcc/riscv64-buildroot-linux-musl/11.4.0/../../../../riscv64-buildroot-linux-musl/bin/ld: /home/srikanth/Downloads/riscv/opensbi/lib/utils/libfdt/fdt_wip.c:24: undefined reference to `__stack_chk_fail'
/home/srikanth/Downloads/toolchain/riscv64-buildroot-linux-musl_sdk-buildroot/bin/../lib/gcc/riscv64-buildroot-linux-musl/11.4.0/../../../../riscv64-buildroot-linux-musl/bin/ld: /home/srikanth/Downloads/riscv/opensbi/build/platform/generic/lib/libplatsbi.a(fdt_wip.o): in function `fdt_setprop_inplace':
/home/srikanth/Downloads/riscv/opensbi/lib/utils/libfdt/fdt_wip.c:35: undefined reference to `__stack_chk_guard'
/home/srikanth/Downloads/toolchain/riscv64-buildroot-linux-musl_sdk-buildroot/bin/../lib/gcc/riscv64-buildroot-linux-musl/11.4.0/../../../../riscv64-buildroot-linux-musl/bin/ld: /home/srikanth/Downloads/riscv/opensbi/lib/utils/libfdt/fdt_wip.c:49: undefined reference to `__stack_chk_fail'
/home/srikanth/Downloads/toolchain/riscv64-buildroot-linux-musl_sdk-buildroot/bin/../lib/gcc/riscv64-buildroot-linux-musl/11.4.0/../../../../riscv64-buildroot-linux-musl/bin/ld: /home/srikanth/Downloads/riscv/opensbi/build/platform/generic/lib/libplatsbi.a(fdt_wip.o): in function `fdt_setprop_inplace_namelen_partial':
/home/srikanth/Downloads/riscv/opensbi/lib/utils/libfdt/fdt_wip.c:24: undefined reference to `__stack_chk_guard'
/home/srikanth/Downloads/toolchain/riscv64-buildroot-linux-musl_sdk-buildroot/bin/../lib/gcc/riscv64-buildroot-linux-musl/11.4.0/../../../../riscv64-buildroot-linux-musl/bin/ld: /home/srikanth/Downloads/riscv/opensbi/build/platform/generic/lib/libplatsbi.a(fdt_wip.o): in function `fdt_nop_property':
/home/srikanth/Downloads/riscv/opensbi/lib/utils/libfdt/fdt_wip.c:71: undefined reference to `__stack_chk_fail'
/home/srikanth/Downloads/toolchain/riscv64-buildroot-linux-musl_sdk-buildroot/bin/../lib/gcc/riscv64-buildroot-linux-musl/11.4.0/../../../../riscv64-buildroot-linux-musl/bin/ld: /home/srikanth/Downloads/riscv/opensbi/lib/utils/libfdt/fdt_wip.c:71: undefined reference to `__stack_chk_guard'
/home/srikanth/Downloads/toolchain/riscv64-buildroot-linux-musl_sdk-buildroot/bin/../lib/gcc/riscv64-buildroot-linux-musl/11.4.0/../../../../riscv64-buildroot-linux-musl/bin/ld: /home/srikanth/Downloads/riscv/opensbi/build/platform/generic/lib/libplatsbi.a(fdt_wip.o): in function `fdt_node_end_offset_':
/home/srikanth/Downloads/riscv/opensbi/lib/utils/libfdt/fdt_wip.c:77: undefined reference to `__stack_chk_fail'
/home/srikanth/Downloads/toolchain/riscv64-buildroot-linux-musl_sdk-buildroot/bin/../lib/gcc/riscv64-buildroot-linux-musl/11.4.0/../../../../riscv64-buildroot-linux-musl/bin/ld: /home/srikanth/Downloads/riscv/opensbi/lib/utils/libfdt/fdt_wip.c:81: undefined reference to `__stack_chk_guard'
/home/srikanth/Downloads/toolchain/riscv64-buildroot-linux-musl_sdk-buildroot/bin/../lib/gcc/riscv64-buildroot-linux-musl/11.4.0/../../../../riscv64-buildroot-linux-musl/bin/ld: /home/srikanth/Downloads/riscv/opensbi/build/platform/generic/lib/libplatsbi.a(fdt_wip.o): in function `fdt_nop_region_':
/home/srikanth/Downloads/riscv/opensbi/lib/utils/libfdt/fdt_wip.c:55: undefined reference to `__stack_chk_fail'
collect2: error: ld returned 1 exit status
make: *** [Makefile:317: /home/srikanth/Downloads/riscv/opensbi/build/platform/generic/firmware/fw_dynamic.elf] Error 1
srikanth@srikanth-Inspiron-5370:~/Downloads/riscv/opensbi$ 


