srikanth@srikanth-Inspiron-5370:~/Downloads/riscv/opensbi$ make distclean PLATFORM=generic FW_PAYLOAD_PATH=../u-boot-2023.07.01/u-boot.bin
srikanth@srikanth-Inspiron-5370:~/Downloads/riscv/opensbi$ ./run-qemu
bash: ./run-qemu: No such file or directory
srikanth@srikanth-Inspiron-5370:~/Downloads/riscv/opensbi$ make distclean && make PLATFORM=generic FW_PAYLOAD_PATH=../u-boot-2023.07.01/u-boot.bin
 AS-DEP    platform/generic/firmware/fw_payload.dep
 AS-DEP    platform/generic/firmware/fw_jump.dep
 AS-DEP    platform/generic/firmware/fw_dynamic.dep
 AS-DEP    platform/generic/firmware/payloads/test_head.dep
 CC-DEP    platform/generic/firmware/payloads/test_main.dep
 MERGE-DEP platform/generic/firmware/payloads/test.dep
 CC-DEP    lib/utils/fdt/fdt_fixup.dep
 CC-DEP    lib/utils/fdt/fdt_helper.dep
 CC-DEP    lib/utils/ipi/fdt_ipi_clint.dep
 CC-DEP    lib/utils/ipi/fdt_ipi.dep
 CC-DEP    lib/utils/irqchip/plic.dep
 CC-DEP    lib/utils/irqchip/fdt_irqchip_plic.dep
 CC-DEP    lib/utils/irqchip/fdt_irqchip.dep
 CC-DEP    lib/utils/libfdt/fdt_wip.dep
 CC-DEP    lib/utils/libfdt/fdt_sw.dep
 CC-DEP    lib/utils/libfdt/fdt_strerror.dep
 CC-DEP    lib/utils/libfdt/fdt_rw.dep
 CC-DEP    lib/utils/libfdt/fdt_ro.dep
 CC-DEP    lib/utils/libfdt/fdt_empty_tree.dep
 CC-DEP    lib/utils/libfdt/fdt_addresses.dep
 CC-DEP    lib/utils/libfdt/fdt.dep
 CC-DEP    lib/utils/reset/fdt_reset_sifive.dep
 CC-DEP    lib/utils/reset/fdt_reset_htif.dep
 CC-DEP    lib/utils/reset/fdt_reset.dep
 CC-DEP    lib/utils/serial/uart8250.dep
 CC-DEP    lib/utils/serial/sifive-uart.dep
 CC-DEP    lib/utils/serial/shakti-uart.dep
 CC-DEP    lib/utils/serial/fdt_serial_uart8250.dep
 CC-DEP    lib/utils/serial/fdt_serial_sifive.dep
 CC-DEP    lib/utils/serial/fdt_serial_shakti.dep
 CC-DEP    lib/utils/serial/fdt_serial_htif.dep
 CC-DEP    lib/utils/serial/fdt_serial.dep
 CC-DEP    lib/utils/sys/sifive_test.dep
 CC-DEP    lib/utils/sys/htif.dep
 CC-DEP    lib/utils/sys/clint.dep
 CC-DEP    lib/utils/timer/fdt_timer_clint.dep
 CC-DEP    lib/utils/timer/fdt_timer.dep
 AS-DEP    lib/sbi/sbi_expected_trap.dep
 CC-DEP    lib/sbi/sbi_unpriv.dep
 CC-DEP    lib/sbi/sbi_trap.dep
 CC-DEP    lib/sbi/sbi_tlb.dep
 CC-DEP    lib/sbi/sbi_timer.dep
 CC-DEP    lib/sbi/sbi_system.dep
 CC-DEP    lib/sbi/sbi_string.dep
 CC-DEP    lib/sbi/sbi_scratch.dep
 CC-DEP    lib/sbi/sbi_platform.dep
 CC-DEP    lib/sbi/sbi_misaligned_ldst.dep
 CC-DEP    lib/sbi/sbi_ipi.dep
 CC-DEP    lib/sbi/sbi_init.dep
 CC-DEP    lib/sbi/sbi_illegal_insn.dep
 CC-DEP    lib/sbi/sbi_hsm.dep
 AS-DEP    lib/sbi/sbi_hfence.dep
 CC-DEP    lib/sbi/sbi_math.dep
 CC-DEP    lib/sbi/sbi_hart.dep
 CC-DEP    lib/sbi/sbi_fifo.dep
 CC-DEP    lib/sbi/sbi_emulate_csr.dep
 CC-DEP    lib/sbi/sbi_ecall_vendor.dep
 CC-DEP    lib/sbi/sbi_ecall_replace.dep
 CC-DEP    lib/sbi/sbi_ecall_legacy.dep
 CC-DEP    lib/sbi/sbi_ecall_hsm.dep
 CC-DEP    lib/sbi/sbi_ecall_base.dep
 CC-DEP    lib/sbi/sbi_ecall.dep
 CC-DEP    lib/sbi/sbi_console.dep
 CC-DEP    lib/sbi/sbi_bitops.dep
 CC-DEP    lib/sbi/sbi_bitmap.dep
 CC-DEP    lib/sbi/riscv_locks.dep
 AS-DEP    lib/sbi/riscv_hardfp.dep
 CC-DEP    lib/sbi/riscv_atomic.dep
 CC-DEP    lib/sbi/riscv_asm.dep
 CC-DEP    platform/generic/sifive_fu540.dep
 CC-DEP    platform/generic/platform.dep
 CC        lib/sbi/riscv_asm.o
 CC        lib/sbi/riscv_atomic.o
 AS        lib/sbi/riscv_hardfp.o
 CC        lib/sbi/riscv_locks.o
 CC        lib/sbi/sbi_bitmap.o
 CC        lib/sbi/sbi_bitops.o
 CC        lib/sbi/sbi_console.o
 CC        lib/sbi/sbi_ecall.o
 CC        lib/sbi/sbi_ecall_base.o
 CC        lib/sbi/sbi_ecall_hsm.o
 CC        lib/sbi/sbi_ecall_legacy.o
 CC        lib/sbi/sbi_ecall_replace.o
 CC        lib/sbi/sbi_ecall_vendor.o
 CC        lib/sbi/sbi_emulate_csr.o
 CC        lib/sbi/sbi_fifo.o
 CC        lib/sbi/sbi_hart.o
 CC        lib/sbi/sbi_math.o
 AS        lib/sbi/sbi_hfence.o
 CC        lib/sbi/sbi_hsm.o
 CC        lib/sbi/sbi_illegal_insn.o
 CC        lib/sbi/sbi_init.o
 CC        lib/sbi/sbi_ipi.o
 CC        lib/sbi/sbi_misaligned_ldst.o
 CC        lib/sbi/sbi_platform.o
 CC        lib/sbi/sbi_scratch.o
 CC        lib/sbi/sbi_string.o
 CC        lib/sbi/sbi_system.o
 CC        lib/sbi/sbi_timer.o
 CC        lib/sbi/sbi_tlb.o
 CC        lib/sbi/sbi_trap.o
 CC        lib/sbi/sbi_unpriv.o
 AS        lib/sbi/sbi_expected_trap.o
 AR        lib/libsbi.a
 CC        lib/utils/timer/fdt_timer.o
 CC        lib/utils/timer/fdt_timer_clint.o
 CC        lib/utils/sys/clint.o
 CC        lib/utils/sys/htif.o
 CC        lib/utils/sys/sifive_test.o
 CC        lib/utils/serial/fdt_serial.o
 CC        lib/utils/serial/fdt_serial_htif.o
 CC        lib/utils/serial/fdt_serial_shakti.o
 CC        lib/utils/serial/fdt_serial_sifive.o
 CC        lib/utils/serial/fdt_serial_uart8250.o
 CC        lib/utils/serial/shakti-uart.o
 CC        lib/utils/serial/sifive-uart.o
 CC        lib/utils/serial/uart8250.o
 CC        lib/utils/reset/fdt_reset.o
 CC        lib/utils/reset/fdt_reset_htif.o
 CC        lib/utils/reset/fdt_reset_sifive.o
 CC        lib/utils/libfdt/fdt.o
 CC        lib/utils/libfdt/fdt_addresses.o
 CC        lib/utils/libfdt/fdt_empty_tree.o
 CC        lib/utils/libfdt/fdt_ro.o
 CC        lib/utils/libfdt/fdt_rw.o
 CC        lib/utils/libfdt/fdt_strerror.o
 CC        lib/utils/libfdt/fdt_sw.o
 CC        lib/utils/libfdt/fdt_wip.o
 CC        lib/utils/irqchip/fdt_irqchip.o
 CC        lib/utils/irqchip/fdt_irqchip_plic.o
 CC        lib/utils/irqchip/plic.o
 CC        lib/utils/ipi/fdt_ipi.o
 CC        lib/utils/ipi/fdt_ipi_clint.o
 CC        lib/utils/fdt/fdt_helper.o
 CC        lib/utils/fdt/fdt_fixup.o
 AR        lib/libsbiutils.a
 CC        platform/generic/platform.o
 CC        platform/generic/sifive_fu540.o
 AR        platform/generic/lib/libplatsbi.a
 AS        platform/generic/firmware/payloads/test_head.o
 CC        platform/generic/firmware/payloads/test_main.o
 MERGE     platform/generic/firmware/payloads/test.o
 CPP       platform/generic/firmware/payloads/test.elf.ld
 ELF       platform/generic/firmware/payloads/test.elf
 OBJCOPY   platform/generic/firmware/payloads/test.bin
 AS        platform/generic/firmware/fw_dynamic.o
 CPP       platform/generic/firmware/fw_dynamic.elf.ld
 ELF       platform/generic/firmware/fw_dynamic.elf
 OBJCOPY   platform/generic/firmware/fw_dynamic.bin
 AS        platform/generic/firmware/fw_jump.o
 CPP       platform/generic/firmware/fw_jump.elf.ld
 ELF       platform/generic/firmware/fw_jump.elf
 OBJCOPY   platform/generic/firmware/fw_jump.bin
 AS        platform/generic/firmware/fw_payload.o
 CPP       platform/generic/firmware/fw_payload.elf.ld
 ELF       platform/generic/firmware/fw_payload.elf
 OBJCOPY   platform/generic/firmware/fw_payload.bin
srikanth@srikanth-Inspiron-5370:~/Downloads/riscv/opensbi$ ./run-qemu
bash: ./run-qemu: No such file or directory
srikanth@srikanth-Inspiron-5370:~/Downloads/riscv/opensbi$ cd ..
srikanth@srikanth-Inspiron-5370:~/Downloads/riscv$ ls
asciinema-rec      buildroot-2023.05.tar.gz  hello.c  riscv64-env.sh  u-boot-2023.07.01
buildroot-2023.05  hello                     opensbi  run-qemu        u-boot-2023.07.01.tar.bz2
srikanth@srikanth-Inspiron-5370:~/Downloads/riscv$ ./run-qemu
bash: ./run-qemu: Permission denied
srikanth@srikanth-Inspiron-5370:~/Downloads/riscv$ sudo apt install qemu-system-misc
[sudo] password for srikanth: 
Reading package lists... Done
Building dependency tree... Done
Reading state information... Done
qemu-system-misc is already the newest version (1:6.2+dfsg-2ubuntu6.12).
0 upgraded, 0 newly installed, 0 to remove and 154 not upgraded.
srikanth@srikanth-Inspiron-5370:~/Downloads/riscv$ ls
asciinema-rec      buildroot-2023.05.tar.gz  hello.c  riscv64-env.sh  u-boot-2023.07.01
buildroot-2023.05  hello                     opensbi  run-qemu        u-boot-2023.07.01.tar.bz2
srikanth@srikanth-Inspiron-5370:~/Downloads/riscv$ vi run-qemu
srikanth@srikanth-Inspiron-5370:~/Downloads/riscv$ ./run-qemu
bash: ./run-qemu: Permission denied
srikanth@srikanth-Inspiron-5370:~/Downloads/riscv$ cd opensbi
srikanth@srikanth-Inspiron-5370:~/Downloads/riscv/opensbi$ ls
build            COPYING.BSD  firmware  lib       platform   scripts
CONTRIBUTORS.md  docs         include   Makefile  README.md  ThirdPartyNotices.md
srikanth@srikanth-Inspiron-5370:~/Downloads/riscv/opensbi$ cd build
srikanth@srikanth-Inspiron-5370:~/Downloads/riscv/opensbi/build$ ls
lib  platform
srikanth@srikanth-Inspiron-5370:~/Downloads/riscv/opensbi/build$ cd platform
srikanth@srikanth-Inspiron-5370:~/Downloads/riscv/opensbi/build/platform$ ls
generic
srikanth@srikanth-Inspiron-5370:~/Downloads/riscv/opensbi/build/platform$ cd generic
srikanth@srikanth-Inspiron-5370:~/Downloads/riscv/opensbi/build/platform/generic$ ls
firmware  lib  platform.dep  platform.o  sifive_fu540.dep  sifive_fu540.o
srikanth@srikanth-Inspiron-5370:~/Downloads/riscv/opensbi/build/platform/generic$ cd firmware
srikanth@srikanth-Inspiron-5370:~/Downloads/riscv/opensbi/build/platform/generic/firmware$ ls
fw_dynamic.bin  fw_dynamic.elf.ld  fw_jump.dep     fw_jump.o       fw_payload.elf     payloads
fw_dynamic.dep  fw_dynamic.o       fw_jump.elf     fw_payload.bin  fw_payload.elf.ld
fw_dynamic.elf  fw_jump.bin        fw_jump.elf.ld  fw_payload.dep  fw_payload.o
srikanth@srikanth-Inspiron-5370:~/Downloads/riscv/opensbi/build/platform/generic/firmware$ cd ../../../
srikanth@srikanth-Inspiron-5370:~/Downloads/riscv/opensbi/build$ cd ../../
srikanth@srikanth-Inspiron-5370:~/Downloads/riscv$ ls
asciinema-rec      buildroot-2023.05.tar.gz  hello.c  riscv64-env.sh  u-boot-2023.07.01
buildroot-2023.05  hello                     opensbi  run-qemu        u-boot-2023.07.01.tar.bz2
srikanth@srikanth-Inspiron-5370:~/Downloads/riscv$ sudo chmod a+rwx run-qemu
srikanth@srikanth-Inspiron-5370:~/Downloads/riscv$ ./run-qemu

OpenSBI v0.8
   ____                    _____ ____ _____
  / __ \                  / ____|  _ \_   _|
 | |  | |_ __   ___ _ __ | (___ | |_) || |
 | |  | | '_ \ / _ \ '_ \ \___ \|  _ < | |
 | |__| | |_) |  __/ | | |____) | |_) || |_
  \____/| .__/ \___|_| |_|_____/|____/_____|
        | |
        |_|

Platform Name       : riscv-virtio,qemu
Platform Features   : timer,mfdeleg
Platform HART Count : 8
Boot HART ID        : 6
Boot HART ISA       : rv64imafdcsu
BOOT HART Features  : pmp,scounteren,mcounteren,time
BOOT HART PMP Count : 16
Firmware Base       : 0x80000000
Firmware Size       : 152 KB
Runtime SBI Version : 0.2

MIDELEG : 0x0000000000000222
MEDELEG : 0x000000000000b109
PMP0    : 0x0000000080000000-0x000000008003ffff (A)
PMP1    : 0x0000000000000000-0xffffffffffffffff (A,R,W,X)


U-Boot 2023.07.01 (Aug 11 2023 - 22:19:40 +0530)

CPU:   rv64imafdcsu
Model: riscv-virtio,qemu
DRAM:  2 GiB
Core:  21 devices, 10 uclasses, devicetree: board
Flash: 32 MiB
Loading Environment from nowhere... OK
In:    uart@10000000
Out:   uart@10000000
Err:   uart@10000000
Net:   No ethernet found.
Working FDT set to ff72e4f0
Hit any key to stop autoboot:  0 

Device 0: unknown device
scanning bus for devices...

Device 0: unknown device
No ethernet found.
No ethernet found.
=> 


